Component: ARM Compiler 5.06 update 6 (build 750) Tool: armlink [4d35ed]

==============================================================================

Section Cross References

    main.o(.text) refers to lcd12864.o(.text) for LCD_Display_Words
    main.o(.text) refers to systick.o(.text) for delay_ms
    main.o(.text) refers to nrf24l01.o(.text) for NRF24L01_Check
    main.o(.text) refers to main.o(.constdata) for .constdata
    main.o(.text) refers to main.o(.data) for l_auto
    main.o(.text) refers to main.o(.bss) for tx_data
    main.o(.text) refers to stm32f10x_adc.o(.text) for ADC_RegularChannelConfig
    main.o(.text) refers to adc.o(.text) for ReadADC
    main.o(.text) refers to dflt_clz.o(x$fpl$dfltu) for __aeabi_ui2d
    main.o(.text) refers to dmul.o(x$fpl$dmul) for __aeabi_dmul
    main.o(.text) refers to daddsub_clz.o(x$fpl$dsub) for __aeabi_dsub
    main.o(.text) refers to d2f.o(x$fpl$d2f) for __aeabi_d2f
    main.o(.text) refers to ffixu.o(x$fpl$ffixu) for __aeabi_f2uiz
    main.o(.text) refers to stm32f10x_gpio.o(.text) for GPIO_ResetBits
    main.o(.text) refers to rt_memclr_w.o(.text) for __aeabi_memclr4
    main.o(.text) refers to exti.o(.text) for exti_init
    main.o(.text) refers to dcmotor.o(.text) for DC_Motor_init
    main.o(.text) refers to time.o(.text) for time_init
    main.o(.text) refers to iic.o(.text) for I2C_INIT
    main.o(.text) refers to at24cxx.o(.text) for AT24Cxx_ReadTwoByte
    main.o(.text) refers to pwm.o(.text) for pwm_init
    main.o(.text) refers to stm32f10x_tim.o(.text) for TIM_SetCompare1
    stm32f10x_it.o(.text) refers to stm32f10x_exti.o(.text) for EXTI_GetITStatus
    stm32f10x_it.o(.text) refers to systick.o(.text) for delay_ms
    stm32f10x_it.o(.text) refers to stm32f10x_gpio.o(.text) for GPIO_ReadInputDataBit
    stm32f10x_it.o(.text) refers to stm32f10x_tim.o(.text) for TIM_ClearITPendingBit
    stm32f10x_it.o(.text) refers to stm32f10x_it.o(.data) for sum3
    stm32f10x_it.o(.text) refers to main.o(.data) for save
    stm32f10x_it.o(.text) refers to main.o(.bss) for tx_buf
    system_stm32f10x.o(.text) refers to system_stm32f10x.o(.data) for SystemCoreClock
    startup_stm32f10x_hd.o(STACK) refers (Special) to heapauxi.o(.text) for __use_two_region_memory
    startup_stm32f10x_hd.o(HEAP) refers (Special) to heapauxi.o(.text) for __use_two_region_memory
    startup_stm32f10x_hd.o(RESET) refers (Special) to heapauxi.o(.text) for __use_two_region_memory
    startup_stm32f10x_hd.o(RESET) refers to startup_stm32f10x_hd.o(STACK) for __initial_sp
    startup_stm32f10x_hd.o(RESET) refers to startup_stm32f10x_hd.o(.text) for Reset_Handler
    startup_stm32f10x_hd.o(RESET) refers to stm32f10x_it.o(.text) for NMI_Handler
    startup_stm32f10x_hd.o(.text) refers (Special) to heapauxi.o(.text) for __use_two_region_memory
    startup_stm32f10x_hd.o(.text) refers to system_stm32f10x.o(.text) for SystemInit
    startup_stm32f10x_hd.o(.text) refers to __main.o(!!!main) for __main
    startup_stm32f10x_hd.o(.text) refers to startup_stm32f10x_hd.o(HEAP) for Heap_Mem
    startup_stm32f10x_hd.o(.text) refers to startup_stm32f10x_hd.o(STACK) for Stack_Mem
    stm32f10x_gpio.o(.text) refers to stm32f10x_rcc.o(.text) for RCC_APB2PeriphResetCmd
    stm32f10x_rcc.o(.text) refers to stm32f10x_rcc.o(.data) for APBAHBPrescTable
    stm32f10x_adc.o(.text) refers to stm32f10x_rcc.o(.text) for RCC_APB2PeriphResetCmd
    stm32f10x_spi.o(.text) refers to stm32f10x_rcc.o(.text) for RCC_APB2PeriphResetCmd
    stm32f10x_tim.o(.text) refers to stm32f10x_rcc.o(.text) for RCC_APB2PeriphResetCmd
    lcd12864.o(.text) refers to stm32f10x_rcc.o(.text) for RCC_APB2PeriphClockCmd
    lcd12864.o(.text) refers to stm32f10x_gpio.o(.text) for GPIO_Init
    lcd12864.o(.text) refers to systick.o(.text) for delay_us
    lcd12864.o(.text) refers to lcd12864.o(.data) for LCD_addr
    key.o(.text) refers to system_stm32f10x.o(.text) for SystemInit
    key.o(.text) refers to stm32f10x_rcc.o(.text) for RCC_APB2PeriphClockCmd
    key.o(.text) refers to stm32f10x_gpio.o(.text) for GPIO_Init
    dcmotor.o(.text) refers to stm32f10x_rcc.o(.text) for RCC_APB2PeriphClockCmd
    dcmotor.o(.text) refers to stm32f10x_gpio.o(.text) for GPIO_Init
    adc.o(.text) refers to stm32f10x_rcc.o(.text) for RCC_APB2PeriphClockCmd
    adc.o(.text) refers to stm32f10x_adc.o(.text) for ADC_DeInit
    adc.o(.text) refers to stm32f10x_gpio.o(.text) for GPIO_Init
    exti.o(.text) refers to stm32f10x_rcc.o(.text) for RCC_APB2PeriphClockCmd
    exti.o(.text) refers to stm32f10x_gpio.o(.text) for GPIO_Init
    exti.o(.text) refers to stm32f10x_exti.o(.text) for EXTI_Init
    exti.o(.text) refers to misc.o(.text) for NVIC_PriorityGroupConfig
    at24cxx.o(.text) refers to iic.o(.text) for I2C_Start
    at24cxx.o(.text) refers to systick.o(.text) for delay_ms
    iic.o(.text) refers to stm32f10x_rcc.o(.text) for RCC_APB2PeriphClockCmd
    iic.o(.text) refers to stm32f10x_gpio.o(.text) for GPIO_Init
[...]
    libinit.o(.ARM.Collect$$libinit$$00000000) refers (Special) to libinit2.o(.ARM.Collect$$libinit$$00000013) for __rt_lib_init_lc_ctype_1
    libinit.o(.ARM.Collect$$libinit$$00000000) refers (Special) to libinit2.o(.ARM.Collect$$libinit$$00000015) for __rt_lib_init_lc_monetary_1
    libinit.o(.ARM.Collect$$libinit$$00000000) refers (Special) to libinit2.o(.ARM.Collect$$libinit$$00000017) for __rt_lib_init_lc_numeric_1
    libinit.o(.ARM.Collect$$libinit$$00000000) refers (Special) to libinit2.o(.ARM.Collect$$libinit$$00000019) for __rt_lib_init_lc_time_1
    libinit.o(.ARM.Collect$$libinit$$00000000) refers (Special) to libinit2.o(.ARM.Collect$$libinit$$00000004) for __rt_lib_init_preinit_1
    libinit.o(.ARM.Collect$$libinit$$00000000) refers (Special) to libinit2.o(.ARM.Collect$$libinit$$0000000E) for __rt_lib_init_rand_1
    libinit.o(.ARM.Collect$$libinit$$00000000) refers (Special) to libinit2.o(.ARM.Collect$$libinit$$00000033) for __rt_lib_init_return
    libinit.o(.ARM.Collect$$libinit$$00000000) refers (Special) to libinit2.o(.ARM.Collect$$libinit$$0000001D) for __rt_lib_init_signal_1
    libinit.o(.ARM.Collect$$libinit$$00000000) refers (Special) to libinit2.o(.ARM.Collect$$libinit$$00000025) for __rt_lib_init_stdio_1
    libinit.o(.ARM.Collect$$libinit$$00000000) refers (Special) to libinit2.o(.ARM.Collect$$libinit$$0000000C) for __rt_lib_init_user_alloc_1
    libspace.o(.text) refers to libspace.o(.bss) for __libspace_start
    rtexit.o(.ARM.Collect$$rtexit$$00000000) refers (Special) to rtexit2.o(.ARM.Collect$$rtexit$$00000004) for __rt_exit_exit
    rtexit.o(.ARM.Collect$$rtexit$$00000000) refers (Special) to rtexit2.o(.ARM.Collect$$rtexit$$00000003) for __rt_exit_ls
    rtexit.o(.ARM.Collect$$rtexit$$00000000) refers (Special) to rtexit2.o(.ARM.Collect$$rtexit$$00000002) for __rt_exit_prels_1
    rtexit.o(.ARM.exidx) refers (Special) to rtexit2.o(.ARM.Collect$$rtexit$$00000004) for __rt_exit_exit
    rtexit.o(.ARM.exidx) refers (Special) to rtexit2.o(.ARM.Collect$$rtexit$$00000003) for __rt_exit_ls
    rtexit.o(.ARM.exidx) refers (Special) to rtexit2.o(.ARM.Collect$$rtexit$$00000002) for __rt_exit_prels_1
    rtexit.o(.ARM.exidx) refers to rtexit.o(.ARM.Collect$$rtexit$$00000000) for .ARM.Collect$$rtexit$$00000000
    libinit2.o(.ARM.Collect$$libinit$$00000010) refers to libinit2.o(.ARM.Collect$$libinit$$0000000F) for .ARM.Collect$$libinit$$0000000F
    libinit2.o(.ARM.Collect$$libinit$$00000012) refers to libinit2.o(.ARM.Collect$$libinit$$0000000F) for .ARM.Collect$$libinit$$0000000F
    libinit2.o(.ARM.Collect$$libinit$$00000014) refers to libinit2.o(.ARM.Collect$$libinit$$0000000F) for .ARM.Collect$$libinit$$0000000F
    libinit2.o(.ARM.Collect$$libinit$$00000016) refers to libinit2.o(.ARM.Collect$$libinit$$0000000F) for .ARM.Collect$$libinit$$0000000F
    libinit2.o(.ARM.Collect$$libinit$$00000018) refers to libinit2.o(.ARM.Collect$$libinit$$0000000F) for .ARM.Collect$$libinit$$0000000F
    libinit2.o(.ARM.Collect$$libinit$$00000026) refers to argv_veneer.o(.emb_text) for __ARM_argv_veneer
    libinit2.o(.ARM.Collect$$libinit$$00000027) refers to argv_veneer.o(.emb_text) for __ARM_argv_veneer
    rtexit2.o(.ARM.Collect$$rtexit$$00000003) refers to libshutdown.o(.ARM.Collect$$libshutdown$$00000000) for __rt_lib_shutdown
    rtexit2.o(.ARM.Collect$$rtexit$$00000004) refers to sys_exit.o(.text) for _sys_exit
    rtexit2.o(.ARM.exidx) refers to rtexit2.o(.ARM.Collect$$rtexit$$00000001) for .ARM.Collect$$rtexit$$00000001
    rtexit2.o(.ARM.exidx) refers to rtexit2.o(.ARM.Collect$$rtexit$$00000003) for .ARM.Collect$$rtexit$$00000003
    rtexit2.o(.ARM.exidx) refers to rtexit2.o(.ARM.Collect$$rtexit$$00000004) for .ARM.Collect$$rtexit$$00000004
    argv_veneer.o(.emb_text) refers to no_argv.o(.text) for __ARM_get_argv
    sys_exit.o(.text) refers (Special) to use_no_semi.o(.text) for __I$use$semihosting
    sys_exit.o(.text) refers (Special) to indicate_semi.o(.text) for __semihosting_library_function
    _get_argv_nomalloc.o(.text) refers (Special) to hrguard.o(.text) for __heap_region$guard
    _get_argv_nomalloc.o(.text) refers to defsig_rtmem_outer.o(.text) for __rt_SIGRTMEM
    _get_argv_nomalloc.o(.text) refers to sys_command.o(.text) for _sys_command_string
    libshutdown.o(.ARM.Collect$$libshutdown$$00000000) refers (Special) to libshutdown2.o(.ARM.Collect$$libshutdown$$00000002) for __rt_lib_shutdown_cpp_1
    libshutdown.o(.ARM.Collect$$libshutdown$$00000000) refers (Special) to libshutdown2.o(.ARM.Collect$$libshutdown$$00000007) for __rt_lib_shutdown_fp_trap_1
    libshutdown.o(.ARM.Collect$$libshutdown$$00000000) refers (Special) to libshutdown2.o(.ARM.Collect$$libshutdown$$0000000F) for __rt_lib_shutdown_heap_1
    libshutdown.o(.ARM.Collect$$libshutdown$$00000000) refers (Special) to libshutdown2.o(.ARM.Collect$$libshutdown$$00000010) for __rt_lib_shutdown_return
    libshutdown.o(.ARM.Collect$$libshutdown$$00000000) refers (Special) to libshutdown2.o(.ARM.Collect$$libshutdown$$0000000A) for __rt_lib_shutdown_signal_1
    libshutdown.o(.ARM.Collect$$libshutdown$$00000000) refers (Special) to libshutdown2.o(.ARM.Collect$$libshutdown$$00000004) for __rt_lib_shutdown_stdio_1
    libshutdown.o(.ARM.Collect$$libshutdown$$00000000) refers (Special) to libshutdown2.o(.ARM.Collect$$libshutdown$$0000000C) for __rt_lib_shutdown_user_alloc_1
    sys_command.o(.text) refers (Special) to use_no_semi.o(.text) for __I$use$semihosting
    sys_command.o(.text) refers (Special) to indicate_semi.o(.text) for __semihosting_library_function
    defsig_rtmem_outer.o(.text) refers to defsig_rtmem_inner.o(.text) for __rt_SIGRTMEM_inner
    defsig_rtmem_outer.o(.text) refers to defsig_exit.o(.text) for __sig_exit
    defsig_rtmem_formal.o(.text) refers to rt_raise.o(.text) for __rt_raise
    rt_raise.o(.text) refers to __raise.o(.text) for __raise
    rt_raise.o(.text) refers to sys_exit.o(.text) for _sys_exit
    defsig_exit.o(.text) refers to sys_exit.o(.text) for _sys_exit
    defsig_rtmem_inner.o(.text) refers to defsig_general.o(.text) for __default_signal_display
    __raise.o(.text) refers to defsig.o(CL$$defsig) for __default_signal_handler
    defsig_general.o(.text) refers to sys_wrch.o(.text) for _ttywrch
    sys_wrch.o(.text) refers (Special) to use_no_semi.o(.text) for __I$use$semihosting
    sys_wrch.o(.text) refers (Special) to indicate_semi.o(.text) for __semihosting_library_function
    defsig.o(CL$$defsig) refers to defsig_rtmem_inner.o(.text) for __rt_SIGRTMEM_inner
    defsig_abrt_inner.o(.text) refers to defsig_general.o(.text) for __default_signal_display
    defsig_fpe_inner.o(.text) refers to defsig_general.o(.text) for __default_signal_display
    defsig_rtred_inner.o(.text) refers to defsig_general.o(.text) for __default_signal_display
    defsig_stak_inner.o(.text) refers to defsig_general.o(.text) for __default_signal_display
    defsig_pvfn_inner.o(.text) refers to defsig_general.o(.text) for __default_signal_display
    defsig_cppl_inner.o(.text) refers to defsig_general.o(.text) for __default_signal_display
    defsig_segv_inner.o(.text) refers to defsig_general.o(.text) for __default_signal_display
    defsig_other.o(.text) refers to defsig_general.o(.text) for __default_signal_display


==============================================================================

Removing Unused input sections from the image.

    Removing core_cm3.o(.emb_text), (32 bytes).
    Removing key.o(.text), (48 bytes).

2 unused section(s) (total 80 bytes) removed from the image.

==============================================================================

Image Symbol Table

    Local Symbols

    Symbol Name                              Value     Ov Type        Size  Object(Section)

    ../clib/angel/boardlib.s                 0x00000000   Number         0  boardinit1.o ABSOLUTE
    ../clib/angel/boardlib.s                 0x00000000   Number         0  boardinit3.o ABSOLUTE
    ../clib/angel/boardlib.s                 0x00000000   Number         0  boardinit2.o ABSOLUTE
    ../clib/angel/boardlib.s                 0x00000000   Number         0  boardshut.o ABSOLUTE
    ../clib/angel/dczerorl2.s                0x00000000   Number         0  __dczerorl2.o ABSOLUTE
    ../clib/angel/handlers.s                 0x00000000   Number         0  __scatter_zi.o ABSOLUTE
    ../clib/angel/kernel.s                   0x00000000   Number         0  __rtentry4.o ABSOLUTE
    ../clib/angel/kernel.s                   0x00000000   Number         0  __rtentry.o ABSOLUTE
    ../clib/angel/kernel.s                   0x00000000   Number         0  rtexit.o ABSOLUTE
    ../clib/angel/kernel.s                   0x00000000   Number         0  rtexit2.o ABSOLUTE
    ../clib/angel/kernel.s                   0x00000000   Number         0  __rtentry2.o ABSOLUTE
    ../clib/angel/rt.s                       0x00000000   Number         0  rt_raise.o ABSOLUTE
    ../clib/angel/scatter.s                  0x00000000   Number         0  __scatter.o ABSOLUTE
    ../clib/angel/startup.s                  0x00000000   Number         0  __main.o ABSOLUTE
    ../clib/angel/sys.s                      0x00000000   Number         0  libspace.o ABSOLUTE
    ../clib/angel/sys.s                      0x00000000   Number         0  sys_stackheap_outer.o ABSOLUTE
    ../clib/angel/sys.s                      0x00000000   Number         0  indicate_semi.o ABSOLUTE
    ../clib/angel/sys.s                      0x00000000   Number         0  use_no_semi.o ABSOLUTE
    ../clib/angel/sysapp.c                   0x00000000   Number         0  sys_exit.o ABSOLUTE
    ../clib/angel/sysapp.c                   0x00000000   Number         0  sys_wrch.o ABSOLUTE
    ../clib/angel/sysapp.c                   0x00000000   Number         0  sys_command.o ABSOLUTE
    ../clib/armsys.c                         0x00000000   Number         0  argv_veneer.o ABSOLUTE
    ../clib/armsys.c                         0x00000000   Number         0  argv_veneer.o ABSOLUTE
    ../clib/armsys.c                         0x00000000   Number         0  no_argv.o ABSOLUTE
    ../clib/armsys.c                         0x00000000   Number         0  _get_argv_nomalloc.o ABSOLUTE
    ../clib/heapalloc.c                      0x00000000   Number         0  hrguard.o ABSOLUTE
    ../clib/heapaux.c                        0x00000000   Number         0  heapauxi.o ABSOLUTE
    ../clib/libinit.s                        0x00000000   Number         0  libinit2.o ABSOLUTE
    ../clib/libinit.s                        0x00000000   Number         0  libshutdown2.o ABSOLUTE
    ../clib/libinit.s                        0x00000000   Number         0  libshutdown.o ABSOLUTE
    ../clib/libinit.s                        0x00000000   Number         0  libinit.o ABSOLUTE
    ../clib/memcpset.s                       0x00000000   Number         0  rt_memclr_w.o ABSOLUTE
    ../clib/signal.c                         0x00000000   Number         0  defsig_fpe_inner.o ABSOLUTE
    ../clib/signal.c                         0x00000000   Number         0  defsig_general.o ABSOLUTE
    ../clib/signal.c                         0x00000000   Number         0  defsig_rtmem_outer.o ABSOLUTE
    ../clib/signal.c                         0x00000000   Number         0  defsig_rtmem_formal.o ABSOLUTE
    ../clib/signal.c                         0x00000000   Number         0  defsig_abrt_inner.o ABSOLUTE
    ../clib/signal.c                         0x00000000   Number         0  defsig_exit.o ABSOLUTE
    ../clib/signal.c                         0x00000000   Number         0  defsig_rtmem_inner.o ABSOLUTE
    ../clib/signal.c                         0x00000000   Number         0  defsig_rtred_inner.o ABSOLUTE
    ../clib/signal.c                         0x00000000   Number         0  defsig_stak_inner.o ABSOLUTE
    ../clib/signal.c                         0x00000000   Number         0  defsig_cppl_inner.o ABSOLUTE
    ../clib/signal.c                         0x00000000   Number         0  defsig_segv_inner.o ABSOLUTE
    ../clib/signal.c                         0x00000000   Number         0  defsig_other.o ABSOLUTE
    ../clib/signal.c                         0x00000000   Number         0  __raise.o ABSOLUTE
    ../clib/signal.c                         0x00000000   Number         0  defsig_pvfn_inner.o ABSOLUTE
    ../clib/signal.s                         0x00000000   Number         0  defsig.o ABSOLUTE
    ../clib/stdlib.c                         0x00000000   Number         0  exit.o ABSOLUTE
    ../fplib/d2f.s                           0x00000000   Number         0  d2f.o ABSOLUTE
    ../fplib/daddsub.s                       0x00000000   Number         0  daddsub_clz.o ABSOLUTE
    ../fplib/dflt.s                          0x00000000   Number         0  dflt_clz.o ABSOLUTE
    ../fplib/dmul.s                          0x00000000   Number         0  dmul.o ABSOLUTE
    ../fplib/dnaninf.s                       0x00000000   Number         0  dnaninf.o ABSOLUTE
    ../fplib/dretinf.s                       0x00000000   Number         0  dretinf.o ABSOLUTE
    ../fplib/ffixu.s                         0x00000000   Number         0  ffixu.o ABSOLUTE
    ../fplib/fnaninf.s                       0x00000000   Number         0  fnaninf.o ABSOLUTE
    ../fplib/fpinit.s                        0x00000000   Number         0  fpinit.o ABSOLUTE
    ../fplib/fretinf.s                       0x00000000   Number         0  fretinf.o ABSOLUTE
    ../fplib/usenofp.s                       0x00000000   Number         0  usenofp.o ABSOLUTE
    APP\ADC\adc.c                            0x00000000   Number         0  adc.o ABSOLUTE
    APP\AT24Cxx\AT24CXX.c                    0x00000000   Number         0  at24cxx.o ABSOLUTE
    APP\DCMotor\DCMotor.c                    0x00000000   Number         0  dcmotor.o ABSOLUTE
    APP\IIC(24C02)\iic.c                     0x00000000   Number         0  iic.o ABSOLUTE
    APP\LCD12864\LCD12864.c                  0x00000000   Number         0  lcd12864.o ABSOLUTE
    APP\PWM\pwm.c                            0x00000000   Number         0  pwm.o ABSOLUTE
    APP\SysTick\systick.c                    0x00000000   Number         0  systick.o ABSOLUTE
    APP\exit\exti.c                          0x00000000   Number         0  exti.o ABSOLUTE
    APP\key\key.c                            0x00000000   Number         0  key.o ABSOLUTE
    APP\nrf24l01\nrf24l01.c                  0x00000000   Number         0  nrf24l01.o ABSOLUTE
    APP\spi\spi.c                            0x00000000   Number         0  spi.o ABSOLUTE
    APP\time\time.c                          0x00000000   Number         0  time.o ABSOLUTE
    Libraries\CMSIS\CM3\CoreSupport\core_cm3.c 0x00000000   Number         0  core_cm3.o ABSOLUTE
    Libraries\CMSIS\CM3\DeviceSupport\ST\STM32F10x\startup\arm\startup_stm32f10x_hd.s 0x00000000   Number         0  startup_stm32f10x_hd.o ABSOLUTE
    Libraries\CMSIS\CM3\DeviceSupport\ST\STM32F10x\system_stm32f10x.c 0x00000000   Number         0  system_stm32f10x.o ABSOLUTE
    Libraries\STM32F10x_StdPeriph_Driver\src\misc.c 0x00000000   Number         0  misc.o ABSOLUTE
    Libraries\STM32F10x_StdPeriph_Driver\src\stm32f10x_adc.c 0x00000000   Number         0  stm32f10x_adc.o ABSOLUTE
    Libraries\STM32F10x_StdPeriph_Driver\src\stm32f10x_exti.c 0x00000000   Number         0  stm32f10x_exti.o ABSOLUTE
    Libraries\STM32F10x_StdPeriph_Driver\src\stm32f10x_gpio.c 0x00000000   Number         0  stm32f10x_gpio.o ABSOLUTE
    Libraries\STM32F10x_StdPeriph_Driver\src\stm32f10x_rcc.c 0x00000000   Number         0  stm32f10x_rcc.o ABSOLUTE
    Libraries\STM32F10x_StdPeriph_Driver\src\stm32f10x_spi.c 0x00000000   Number         0  stm32f10x_spi.o ABSOLUTE
    Libraries\STM32F10x_StdPeriph_Driver\src\stm32f10x_tim.c 0x00000000   Number         0  stm32f10x_tim.o ABSOLUTE
    Libraries\\CMSIS\\CM3\\CoreSupport\\core_cm3.c 0x00000000   Number         0  core_cm3.o ABSOLUTE
    dc.s                                     0x00000000   Number         0  dc.o ABSOLUTE
    user\main.c                              0x00000000   Number         0  main.o ABSOLUTE
    user\stm32f10x_it.c                      0x00000000   Number         0  stm32f10x_it.o ABSOLUTE
    RESET                                    0x08000000   Section      304  startup_stm32f10x_hd.o(RESET)
    !!!main                                  0x08000130   Section        8  __main.o(!!!main)
    !!!scatter                               0x08000138   Section       52  __scatter.o(!!!scatter)
    !!dczerorl2                              0x0800016c   Section       90  __dczerorl2.o(!!dczerorl2)
    !!handler_zi                             0x080001c8   Section       28  __scatter_zi.o(!!handler_zi)
    .ARM.Collect$$libinit$$00000000          0x080001e4   Section        2  libinit.o(.ARM.Collect$$libinit$$00000000)
    .ARM.Collect$$libinit$$00000002          0x080001e6   Section        0  libinit2.o(.ARM.Collect$$libinit$$00000002)
    .ARM.Collect$$libinit$$00000004          0x080001e6   Section        0  libinit2.o(.ARM.Collect$$libinit$$00000004)
    .ARM.Collect$$libinit$$0000000A          0x080001e6   Section        0  libinit2.o(.ARM.Collect$$libinit$$0000000A)
    .ARM.Collect$$libinit$$0000000C          0x080001e6   Section        0  libinit2.o(.ARM.Collect$$libinit$$0000000C)
    .ARM.Collect$$libinit$$0000000E          0x080001e6   Section        0  libinit2.o(.ARM.Collect$$libinit$$0000000E)
    .ARM.Collect$$libinit$$00000011          0x080001e6   Section        0  libinit2.o(.ARM.Collect$$libinit$$00000011)
    .ARM.Collect$$libinit$$00000013          0x080001e6   Section        0  libinit2.o(.ARM.Collect$$libinit$$00000013)
    .ARM.Collect$$libinit$$00000015          0x080001e6   Section        0  libinit2.o(.ARM.Collect$$libinit$$00000015)
    .ARM.Collect$$libinit$$00000017          0x080001e6   Section        0  libinit2.o(.ARM.Collect$$libinit$$00000017)
    .ARM.Collect$$libinit$$00000019          0x080001e6   Section        0  libinit2.o(.ARM.Collect$$libinit$$00000019)
    .ARM.Collect$$libinit$$0000001B          0x080001e6   Section        0  libinit2.o(.ARM.Collect$$libinit$$0000001B)
    .ARM.Collect$$libinit$$0000001D          0x080001e6   Section        0  libinit2.o(.ARM.Collect$$libinit$$0000001D)
    .ARM.Collect$$libinit$$0000001F          0x080001e6   Section        0  libinit2.o(.ARM.Collect$$libinit$$0000001F)
    .ARM.Collect$$libinit$$00000021          0x080001e6   Section        0  libinit2.o(.ARM.Collect$$libinit$$00000021)
    .ARM.Collect$$libinit$$00000023          0x080001e6   Section        0  libinit2.o(.ARM.Collect$$libinit$$00000023)
    .ARM.Collect$$libinit$$00000025          0x080001e6   Section        0  libinit2.o(.ARM.Collect$$libinit$$00000025)
    .ARM.Collect$$libinit$$0000002C          0x080001e6   Section        0  libinit2.o(.ARM.Collect$$libinit$$0000002C)
    .ARM.Collect$$libinit$$0000002E          0x080001e6   Section        0  libinit2.o(.ARM.Collect$$libinit$$0000002E)
    .ARM.Collect$$libinit$$00000030          0x080001e6   Section        0  libinit2.o(.ARM.Collect$$libinit$$00000030)
    .ARM.Collect$$libinit$$00000032          0x080001e6   Section        0  libinit2.o(.ARM.Collect$$libinit$$00000032)
    .ARM.Collect$$libinit$$00000033          0x080001e6   Section        2  libinit2.o(.ARM.Collect$$libinit$$00000033)
    .ARM.Collect$$libshutdown$$00000000      0x080001e8   Section        2  libshutdown.o(.ARM.Collect$$libshutdown$$00000000)
    .ARM.Collect$$libshutdown$$00000002      0x080001ea   Section        0  libshutdown2.o(.ARM.Collect$$libshutdown$$00000002)
    .ARM.Collect$$libshutdown$$00000004      0x080001ea   Section        0  libshutdown2.o(.ARM.Collect$$libshutdown$$00000004)
    .ARM.Collect$$libshutdown$$00000007      0x080001ea   Section        0  libshutdown2.o(.ARM.Collect$$libshutdown$$00000007)
    .ARM.Collect$$libshutdown$$0000000A      0x080001ea   Section        0  libshutdown2.o(.ARM.Collect$$libshutdown$$0000000A)
    .ARM.Collect$$libshutdown$$0000000C      0x080001ea   Section        0  libshutdown2.o(.ARM.Collect$$libshutdown$$0000000C)
    .ARM.Collect$$libshutdown$$0000000F      0x080001ea   Section        0  libshutdown2.o(.ARM.Collect$$libshutdown$$0000000F)
    .ARM.Collect$$libshutdown$$00000010      0x080001ea   Section        2  libshutdown2.o(.ARM.Collect$$libshutdown$$00000010)
    .ARM.Collect$$rtentry$$00000000          0x080001ec   Section        0  __rtentry.o(.ARM.Collect$$rtentry$$00000000)
    .ARM.Collect$$rtentry$$00000002          0x080001ec   Section        0  __rtentry2.o(.ARM.Collect$$rtentry$$00000002)
    .ARM.Collect$$rtentry$$00000004          0x080001ec   Section        6  __rtentry4.o(.ARM.Collect$$rtentry$$00000004)
    .ARM.Collect$$rtentry$$00000009          0x080001f2   Section        0  __rtentry2.o(.ARM.Collect$$rtentry$$00000009)
    .ARM.Collect$$rtentry$$0000000A          0x080001f2   Section        4  __rtentry2.o(.ARM.Collect$$rtentry$$0000000A)
    .ARM.Collect$$rtentry$$0000000C          0x080001f6   Section        0  __rtentry2.o(.ARM.Collect$$rtentry$$0000000C)
    .ARM.Collect$$rtentry$$0000000D          0x080001f6   Section        8  __rtentry2.o(.ARM.Collect$$rtentry$$0000000D)
    .ARM.Collect$$rtexit$$00000000           0x080001fe   Section        2  rtexit.o(.ARM.Collect$$rtexit$$00000000)
    .ARM.Collect$$rtexit$$00000002           0x08000200   Section        0  rtexit2.o(.ARM.Collect$$rtexit$$00000002)
    .ARM.Collect$$rtexit$$00000003           0x08000200   Section        4  rtexit2.o(.ARM.Collect$$rtexit$$00000003)
    .ARM.Collect$$rtexit$$00000004           0x08000204   Section        6  rtexit2.o(.ARM.Collect$$rtexit$$00000004)
    .text                                    0x0800020c   Section        0  main.o(.text)
    .text                                    0x080016f8   Section        0  stm32f10x_it.o(.text)
    .text                                    0x08001a64   Section        0  system_stm32f10x.o(.text)
    SetSysClockTo72                          0x08001a65   Thumb Code   214  system_stm32f10x.o(.text)
    SetSysClock                              0x08001b3b   Thumb Code     8  system_stm32f10x.o(.text)
    .text                                    0x08001c44   Section       64  startup_stm32f10x_hd.o(.text)
    .text                                    0x08001c84   Section        0  stm32f10x_gpio.o(.text)
    .text                                    0x08001fe0   Section        0  stm32f10x_rcc.o(.text)
    .text                                    0x08002384   Section        0  stm32f10x_adc.o(.text)
    .text                                    0x080027d4   Section        0  stm32f10x_exti.o(.text)
    .text                                    0x080028f0   Section        0  misc.o(.text)
    .text                                    0x080029cc   Section        0  stm32f10x_spi.o(.text)
    .text                                    0x08002cd8   Section        0  stm32f10x_tim.o(.text)
    TI4_Config                               0x0800317f   Thumb Code   130  stm32f10x_tim.o(.text)
    TI3_Config                               0x08003213   Thumb Code   122  stm32f10x_tim.o(.text)
    TI2_Config                               0x080032a7   Thumb Code   130  stm32f10x_tim.o(.text)
    TI1_Config                               0x0800333b   Thumb Code   108  stm32f10x_tim.o(.text)
    .text                                    0x08003af2   Section        0  systick.o(.text)
    .text                                    0x08003b60   Section        0  lcd12864.o(.text)
    .text                                    0x08003df4   Section        0  dcmotor.o(.text)
    .text                                    0x08003e60   Section        0  adc.o(.text)
    .text                                    0x08003f18   Section        0  exti.o(.text)
    .text                                    0x0800407c   Section        0  at24cxx.o(.text)
    .text                                    0x080041dc   Section        0  iic.o(.text)
    .text                                    0x0800445c   Section        0  spi.o(.text)
    .text                                    0x08004550   Section        0  nrf24l01.o(.text)
    .text                                    0x0800484c   Section        0  pwm.o(.text)
    .text                                    0x080048e8   Section        0  time.o(.text)
    .text                                    0x08004958   Section       78  rt_memclr_w.o(.text)
    .text                                    0x080049a6   Section        0  heapauxi.o(.text)
    .text                                    0x080049ac   Section       74  sys_stackheap_outer.o(.text)
    .text                                    0x080049f6   Section        0  exit.o(.text)
    .text                                    0x08004a08   Section        8  libspace.o(.text)
    .text                                    0x08004a10   Section        0  sys_exit.o(.text)
    .text                                    0x08004a1c   Section        2  use_no_semi.o(.text)
    .text                                    0x08004a1e   Section        0  indicate_semi.o(.text)
    x$fpl$d2f                                0x08004a20   Section       98  d2f.o(x$fpl$d2f)
    x$fpl$dadd                               0x08004a84   Section      336  daddsub_clz.o(x$fpl$dadd)
    _dadd1                                   0x08004a95   Thumb Code     0  daddsub_clz.o(x$fpl$dadd)
    x$fpl$dfltu                              0x08004bd4   Section       38  dflt_clz.o(x$fpl$dfltu)
    x$fpl$dmul                               0x08004bfc   Section      340  dmul.o(x$fpl$dmul)
    x$fpl$dnaninf                            0x08004d50   Section      156  dnaninf.o(x$fpl$dnaninf)
    x$fpl$dretinf                            0x08004dec   Section       12  dretinf.o(x$fpl$dretinf)
    x$fpl$dsub                               0x08004df8   Section      468  daddsub_clz.o(x$fpl$dsub)
    _dsub1                                   0x08004e09   Thumb Code     0  daddsub_clz.o(x$fpl$dsub)
    x$fpl$ffixu                              0x08004fcc   Section       62  ffixu.o(x$fpl$ffixu)
    x$fpl$fnaninf                            0x0800500a   Section      140  fnaninf.o(x$fpl$fnaninf)
    x$fpl$fretinf                            0x08005096   Section       10  fretinf.o(x$fpl$fretinf)
    .constdata                               0x080050a0   Section       21  main.o(.constdata)
    x$fpl$usenofp                            0x080050a0   Section        0  usenofp.o(x$fpl$usenofp)
    .constdata                               0x080050b5   Section       10  nrf24l01.o(.constdata)
    .data                                    0x20000000   Section     1706  main.o(.data)
    .data                                    0x200006ac   Section       12  stm32f10x_it.o(.data)
    sum                                      0x200006ac   Data           4  stm32f10x_it.o(.data)
    sum1                                     0x200006b0   Data           4  stm32f10x_it.o(.data)
    sum3                                     0x200006b4   Data           4  stm32f10x_it.o(.data)
    .data                                    0x200006b8   Section       20  system_stm32f10x.o(.data)
    .data                                    0x200006cc   Section       20  stm32f10x_rcc.o(.data)
    APBAHBPrescTable                         0x200006cc   Data          16  stm32f10x_rcc.o(.data)
    ADCPrescTable                            0x200006dc   Data           4  stm32f10x_rcc.o(.data)
    .data                                    0x200006e0   Section       32  lcd12864.o(.data)
    .bss                                     0x20000700   Section       54  main.o(.bss)
    .bss                                     0x20000738   Section       96  libspace.o(.bss)
    HEAP                                     0x20000798   Section      512  startup_stm32f10x_hd.o(HEAP)
    Heap_Mem                                 0x20000798   Data         512  startup_stm32f10x_hd.o(HEAP)
    STACK                                    0x20000998   Section     1024  startup_stm32f10x_hd.o(STACK)
    Stack_Mem                                0x20000998   Data        1024  startup_stm32f10x_hd.o(STACK)
    __initial_sp                             0x20000d98   Data           0  startup_stm32f10x_hd.o(STACK)

    Global Symbols

    Symbol Name                              Value     Ov Type        Size  Object(Section)

    BuildAttributes$$THM_ISAv4$P$D$K$B$S$PE$A:L22UL41UL21$X:L11$S22US41US21$IEEE1$IW$USESV6$~STKCKD$USESV7$~SHL$OSPACE$ROPI$EBA8$UX$STANDARDLIB$REQ8$PRES8$EABIv2 0x00000000   Number         0  anon$$obj.o ABSOLUTE
    __ARM_use_no_argv                        0x00000000   Number         0  main.o ABSOLUTE
    __ARM_exceptions_init                     - Undefined Weak Reference
    __alloca_initialize                       - Undefined Weak Reference
    __arm_preinit_                            - Undefined Weak Reference
    __cpp_initialize__aeabi_                  - Undefined Weak Reference
    __cxa_finalize                            - Undefined Weak Reference
    __rt_locale                               - Undefined Weak Reference
    __sigvec_lookup                           - Undefined Weak Reference
    _atexit_init                              - Undefined Weak Reference
    _call_atexit_fns                          - Undefined Weak Reference
    _clock_init                               - Undefined Weak Reference
    _fp_trap_init                             - Undefined Weak Reference
    _fp_trap_shutdown                         - Undefined Weak Reference
    _get_lc_collate                           - Undefined Weak Reference
    _get_lc_ctype                             - Undefined Weak Reference
    _get_lc_monetary                          - Undefined Weak Reference
    _get_lc_numeric                           - Undefined Weak Reference
    _get_lc_time                              - Undefined Weak Reference
    _getenv_init                              - Undefined Weak Reference
    _handle_redirection                       - Undefined Weak Reference
    _init_alloc                               - Undefined Weak Reference
    _init_user_alloc                          - Undefined Weak Reference
    _initio                                   - Undefined Weak Reference
    _rand_init                                - Undefined Weak Reference
    _signal_finish                            - Undefined Weak Reference
    _signal_init                              - Undefined Weak Reference
    _terminate_alloc                          - Undefined Weak Reference
    _terminate_user_alloc                     - Undefined Weak Reference
    _terminateio                              - Undefined Weak Reference
    __Vectors_Size                           0x00000130   Number         0  startup_stm32f10x_hd.o ABSOLUTE
    __Vectors                                0x08000000   Data           4  startup_stm32f10x_hd.o(RESET)
    __Vectors_End                            0x08000130   Data           0  startup_stm32f10x_hd.o(RESET)
    __main                                   0x08000131   Thumb Code     8  __main.o(!!!main)
    __scatterload                            0x08000139   Thumb Code     0  __scatter.o(!!!scatter)
    __scatterload_rt2                        0x08000139   Thumb Code    44  __scatter.o(!!!scatter)
    __scatterload_rt2_thumb_only             0x08000139   Thumb Code     0  __scatter.o(!!!scatter)
    __scatterload_null                       0x08000147   Thumb Code     0  __scatter.o(!!!scatter)
    __decompress                             0x0800016d   Thumb Code    90  __dczerorl2.o(!!dczerorl2)
    __decompress1                            0x0800016d   Thumb Code     0  __dczerorl2.o(!!dczerorl2)
    __scatterload_zeroinit                   0x080001c9   Thumb Code    28  __scatter_zi.o(!!handler_zi)
    __rt_lib_init                            0x080001e5   Thumb Code     0  libinit.o(.ARM.Collect$$libinit$$00000000)
    __rt_lib_init_alloca_1                   0x080001e7   Thumb Code     0  libinit2.o(.ARM.Collect$$libinit$$0000002E)
    __rt_lib_init_argv_1                     0x080001e7   Thumb Code     0  libinit2.o(.ARM.Collect$$libinit$$0000002C)
    __rt_lib_init_atexit_1                   0x080001e7   Thumb Code     0  libinit2.o(.ARM.Collect$$libinit$$0000001B)
    __rt_lib_init_clock_1                    0x080001e7   Thumb Code     0  libinit2.o(.ARM.Collect$$libinit$$00000021)
    __rt_lib_init_cpp_1                      0x080001e7   Thumb Code     0  libinit2.o(.ARM.Collect$$libinit$$00000032)
    __rt_lib_init_exceptions_1               0x080001e7   Thumb Code     0  libinit2.o(.ARM.Collect$$libinit$$00000030)
    __rt_lib_init_fp_1                       0x080001e7   Thumb Code     0  libinit2.o(.ARM.Collect$$libinit$$00000002)
    __rt_lib_init_fp_trap_1                  0x080001e7   Thumb Code     0  libinit2.o(.ARM.Collect$$libinit$$0000001F)
    __rt_lib_init_getenv_1                   0x080001e7   Thumb Code     0  libinit2.o(.ARM.Collect$$libinit$$00000023)
    __rt_lib_init_heap_1                     0x080001e7   Thumb Code     0  libinit2.o(.ARM.Collect$$libinit$$0000000A)
    __rt_lib_init_lc_collate_1               0x080001e7   Thumb Code     0  libinit2.o(.ARM.Collect$$libinit$$00000011)
    __rt_lib_init_lc_ctype_1                 0x080001e7   Thumb Code     0  libinit2.o(.ARM.Collect$$libinit$$00000013)
    __rt_lib_init_lc_monetary_1              0x080001e7   Thumb Code     0  libinit2.o(.ARM.Collect$$libinit$$00000015)
    __rt_lib_init_lc_numeric_1               0x080001e7   Thumb Code     0  libinit2.o(.ARM.Collect$$libinit$$00000017)
    __rt_lib_init_lc_time_1                  0x080001e7   Thumb Code     0  libinit2.o(.ARM.Collect$$libinit$$00000019)
    __rt_lib_init_preinit_1                  0x080001e7   Thumb Code     0  libinit2.o(.ARM.Collect$$libinit$$00000004)
    __rt_lib_init_rand_1                     0x080001e7   Thumb Code     0  libinit2.o(.ARM.Collect$$libinit$$0000000E)
    __rt_lib_init_return                     0x080001e7   Thumb Code     0  libinit2.o(.ARM.Collect$$libinit$$00000033)
    __rt_lib_init_signal_1                   0x080001e7   Thumb Code     0  libinit2.o(.ARM.Collect$$libinit$$0000001D)
    __rt_lib_init_stdio_1                    0x080001e7   Thumb Code     0  libinit2.o(.ARM.Collect$$libinit$$00000025)
    __rt_lib_init_user_alloc_1               0x080001e7   Thumb Code     0  libinit2.o(.ARM.Collect$$libinit$$0000000C)
    __rt_lib_shutdown                        0x080001e9   Thumb Code     0  libshutdown.o(.ARM.Collect$$libshutdown$$00000000)
    __rt_lib_shutdown_cpp_1                  0x080001eb   Thumb Code     0  libshutdown2.o(.ARM.Collect$$libshutdown$$00000002)
    __rt_lib_shutdown_fp_trap_1              0x080001eb   Thumb Code     0  libshutdown2.o(.ARM.Collect$$libshutdown$$00000007)
    __rt_lib_shutdown_heap_1                 0x080001eb   Thumb Code     0  libshutdown2.o(.ARM.Collect$$libshutdown$$0000000F)
    __rt_lib_shutdown_return                 0x080001eb   Thumb Code     0  libshutdown2.o(.ARM.Collect$$libshutdown$$00000010)
    __rt_lib_shutdown_signal_1               0x080001eb   Thumb Code     0  libshutdown2.o(.ARM.Collect$$libshutdown$$0000000A)
    __rt_lib_shutdown_stdio_1                0x080001eb   Thumb Code     0  libshutdown2.o(.ARM.Collect$$libshutdown$$00000004)
    __rt_lib_shutdown_user_alloc_1           0x080001eb   Thumb Code     0  libshutdown2.o(.ARM.Collect$$libshutdown$$0000000C)
    __rt_entry                               0x080001ed   Thumb Code     0  __rtentry.o(.ARM.Collect$$rtentry$$00000000)
    __rt_entry_presh_1                       0x080001ed   Thumb Code     0  __rtentry2.o(.ARM.Collect$$rtentry$$00000002)
    __rt_entry_sh                            0x080001ed   Thumb Code     0  __rtentry4.o(.ARM.Collect$$rtentry$$00000004)
    __rt_entry_li                            0x080001f3   Thumb Code     0  __rtentry2.o(.ARM.Collect$$rtentry$$0000000A)
    __rt_entry_postsh_1                      0x080001f3   Thumb Code     0  __rtentry2.o(.ARM.Collect$$rtentry$$00000009)
    __rt_entry_main                          0x080001f7   Thumb Code     0  __rtentry2.o(.ARM.Collect$$rtentry$$0000000D)
    __rt_entry_postli_1                      0x080001f7   Thumb Code     0  __rtentry2.o(.ARM.Collect$$rtentry$$0000000C)
    __rt_exit                                0x080001ff   Thumb Code     0  rtexit.o(.ARM.Collect$$rtexit$$00000000)
    __rt_exit_ls                             0x08000201   Thumb Code     0  rtexit2.o(.ARM.Collect$$rtexit$$00000003)
    __rt_exit_prels_1                        0x08000201   Thumb Code     0  rtexit2.o(.ARM.Collect$$rtexit$$00000002)
    __rt_exit_exit                           0x08000205   Thumb Code     0  rtexit2.o(.ARM.Collect$$rtexit$$00000004)
    MenuDisplayStructure                     0x0800020d   Thumb Code    84  main.o(.text)
    IntDisplay                               0x08000261   Thumb Code   214  main.o(.text)
    NRF_Service                              0x08000337   Thumb Code   272  main.o(.text)
    DisplayStructure                         0x08000447   Thumb Code    24  main.o(.text)
    IntDisplay2                              0x0800045f   Thumb Code   352  main.o(.text)
    IntDisplay4                              0x080005bf   Thumb Code   392  main.o(.text)
    ADC_Service_Duct                         0x08000747   Thumb Code   108  main.o(.text)
    ADC_Service                              0x080007b3   Thumb Code   260  main.o(.text)
    ServoMotor                               0x080008b7   Thumb Code   386  main.o(.text)
    StepMotorCCW                             0x08000a39   Thumb Code   342  main.o(.text)
    StepMotorCW                              0x08000b8f   Thumb Code   288  main.o(.text)
    LinearSearch                             0x08000caf   Thumb Code   100  main.o(.text)
    main                                     0x08000d13   Thumb Code  2422  main.o(.text)
    swap                                     0x08001689   Thumb Code    10  main.o(.text)
    IntDisplay3                              0x08001693   Thumb Code    54  main.o(.text)
    Menu                                     0x080016c9   Thumb Code     2  main.o(.text)
    NMI_Handler                              0x080016f9   Thumb Code     2  stm32f10x_it.o(.text)
    HardFault_Handler                        0x080016fb   Thumb Code     4  stm32f10x_it.o(.text)
    MemManage_Handler                        0x080016ff   Thumb Code     4  stm32f10x_it.o(.text)
    BusFault_Handler                         0x08001703   Thumb Code     4  stm32f10x_it.o(.text)
    UsageFault_Handler                       0x08001707   Thumb Code     4  stm32f10x_it.o(.text)
    SVC_Handler                              0x0800170b   Thumb Code     2  stm32f10x_it.o(.text)
    DebugMon_Handler                         0x0800170d   Thumb Code     2  stm32f10x_it.o(.text)
    PendSV_Handler                           0x0800170f   Thumb Code     2  stm32f10x_it.o(.text)
    SysTick_Handler                          0x08001711   Thumb Code     2  stm32f10x_it.o(.text)
    EXTI9_5_IRQHandler                       0x08001713   Thumb Code   464  stm32f10x_it.o(.text)
    EXTI15_10_IRQHandler                     0x080018e3   Thumb Code   328  stm32f10x_it.o(.text)
    TIM3_IRQHandler                          0x08001a2b   Thumb Code    18  stm32f10x_it.o(.text)
    SystemInit                               0x08001b43   Thumb Code    78  system_stm32f10x.o(.text)
    SystemCoreClockUpdate                    0x08001b91   Thumb Code   142  system_stm32f10x.o(.text)
    Reset_Handler                            0x08001c45   Thumb Code     8  startup_stm32f10x_hd.o(.text)
    ADC1_2_IRQHandler                        0x08001c5f   Thumb Code     0  startup_stm32f10x_hd.o(.text)
    ADC3_IRQHandler                          0x08001c5f   Thumb Code     0  startup_stm32f10x_hd.o(.text)
    CAN1_RX1_IRQHandler                      0x08001c5f   Thumb Code     0  startup_stm32f10x_hd.o(.text)
    CAN1_SCE_IRQHandler                      0x08001c5f   Thumb Code     0  startup_stm32f10x_hd.o(.text)
    DMA1_Channel1_IRQHandler                 0x08001c5f   Thumb Code     0  startup_stm32f10x_hd.o(.text)
    DMA1_Channel2_IRQHandler                 0x08001c5f   Thumb Code     0  startup_stm32f10x_hd.o(.text)
    DMA1_Channel3_IRQHandler                 0x08001c5f   Thumb Code     0  startup_stm32f10x_hd.o(.text)
    DMA1_Channel4_IRQHandler                 0x08001c5f   Thumb Code     0  startup_stm32f10x_hd.o(.text)
    DMA1_Channel5_IRQHandler                 0x08001c5f   Thumb Code     0  startup_stm32f10x_hd.o(.text)
    DMA1_Channel6_IRQHandler                 0x08001c5f   Thumb Code     0  startup_stm32f10x_hd.o(.text)
    DMA1_Channel7_IRQHandler                 0x08001c5f   Thumb Code     0  startup_stm32f10x_hd.o(.text)
    DMA2_Channel1_IRQHandler                 0x08001c5f   Thumb Code     0  startup_stm32f10x_hd.o(.text)
    DMA2_Channel2_IRQHandler                 0x08001c5f   Thumb Code     0  startup_stm32f10x_hd.o(.text)
    DMA2_Channel3_IRQHandler                 0x08001c5f   Thumb Code     0  startup_stm32f10x_hd.o(.text)
    DMA2_Channel4_5_IRQHandler               0x08001c5f   Thumb Code     0  startup_stm32f10x_hd.o(.text)
    EXTI0_IRQHandler                         0x08001c5f   Thumb Code     0  startup_stm32f10x_hd.o(.text)
    EXTI1_IRQHandler                         0x08001c5f   Thumb Code     0  startup_stm32f10x_hd.o(.text)
    EXTI2_IRQHandler                         0x08001c5f   Thumb Code     0  startup_stm32f10x_hd.o(.text)
    EXTI3_IRQHandler                         0x08001c5f   Thumb Code     0  startup_stm32f10x_hd.o(.text)
    EXTI4_IRQHandler                         0x08001c5f   Thumb Code     0  startup_stm32f10x_hd.o(.text)
    FLASH_IRQHandler                         0x08001c5f   Thumb Code     0  startup_stm32f10x_hd.o(.text)
    FSMC_IRQHandler                          0x08001c5f   Thumb Code     0  startup_stm32f10x_hd.o(.text)
    I2C1_ER_IRQHandler                       0x08001c5f   Thumb Code     0  startup_stm32f10x_hd.o(.text)
    I2C1_EV_IRQHandler                       0x08001c5f   Thumb Code     0  startup_stm32f10x_hd.o(.text)
    I2C2_ER_IRQHandler                       0x08001c5f   Thumb Code     0  startup_stm32f10x_hd.o(.text)
    I2C2_EV_IRQHandler                       0x08001c5f   Thumb Code     0  startup_stm32f10x_hd.o(.text)
    PVD_IRQHandler                           0x08001c5f   Thumb Code     0  startup_stm32f10x_hd.o(.text)
    RCC_IRQHandler                           0x08001c5f   Thumb Code     0  startup_stm32f10x_hd.o(.text)
    RTCAlarm_IRQHandler                      0x08001c5f   Thumb Code     0  startup_stm32f10x_hd.o(.text)
    RTC_IRQHandler                           0x08001c5f   Thumb Code     0  startup_stm32f10x_hd.o(.text)
    SDIO_IRQHandler                          0x08001c5f   Thumb Code     0  startup_stm32f10x_hd.o(.text)
    SPI1_IRQHandler                          0x08001c5f   Thumb Code     0  startup_stm32f10x_hd.o(.text)
    SPI2_IRQHandler                          0x08001c5f   Thumb Code     0  startup_stm32f10x_hd.o(.text)
    SPI3_IRQHandler                          0x08001c5f   Thumb Code     0  startup_stm32f10x_hd.o(.text)
    TAMPER_IRQHandler                        0x08001c5f   Thumb Code     0  startup_stm32f10x_hd.o(.text)
    TIM1_BRK_IRQHandler                      0x08001c5f   Thumb Code     0  startup_stm32f10x_hd.o(.text)
    TIM1_CC_IRQHandler                       0x08001c5f   Thumb Code     0  startup_stm32f10x_hd.o(.text)
    TIM1_TRG_COM_IRQHandler                  0x08001c5f   Thumb Code     0  startup_stm32f10x_hd.o(.text)
    TIM1_UP_IRQHandler                       0x08001c5f   Thumb Code     0  startup_stm32f10x_hd.o(.text)
    TIM2_IRQHandler                          0x08001c5f   Thumb Code     0  startup_stm32f10x_hd.o(.text)
    TIM4_IRQHandler                          0x08001c5f   Thumb Code     0  startup_stm32f10x_hd.o(.text)
    TIM5_IRQHandler                          0x08001c5f   Thumb Code     0  startup_stm32f10x_hd.o(.text)
    TIM6_IRQHandler                          0x08001c5f   Thumb Code     0  startup_stm32f10x_hd.o(.text)
    TIM7_IRQHandler                          0x08001c5f   Thumb Code     0  startup_stm32f10x_hd.o(.text)
    TIM8_BRK_IRQHandler                      0x08001c5f   Thumb Code     0  startup_stm32f10x_hd.o(.text)
    TIM8_CC_IRQHandler                       0x08001c5f   Thumb Code     0  startup_stm32f10x_hd.o(.text)
    TIM8_TRG_COM_IRQHandler                  0x08001c5f   Thumb Code     0  startup_stm32f10x_hd.o(.text)
    TIM8_UP_IRQHandler                       0x08001c5f   Thumb Code     0  startup_stm32f10x_hd.o(.text)
    UART4_IRQHandler                         0x08001c5f   Thumb Code     0  startup_stm32f10x_hd.o(.text)
    UART5_IRQHandler                         0x08001c5f   Thumb Code     0  startup_stm32f10x_hd.o(.text)
    USART1_IRQHandler                        0x08001c5f   Thumb Code     0  startup_stm32f10x_hd.o(.text)
    USART2_IRQHandler                        0x08001c5f   Thumb Code     0  startup_stm32f10x_hd.o(.text)
    USART3_IRQHandler                        0x08001c5f   Thumb Code     0  startup_stm32f10x_hd.o(.text)
    USBWakeUp_IRQHandler                     0x08001c5f   Thumb Code     0  startup_stm32f10x_hd.o(.text)
    USB_HP_CAN1_TX_IRQHandler                0x08001c5f   Thumb Code     0  startup_stm32f10x_hd.o(.text)
    USB_LP_CAN1_RX0_IRQHandler               0x08001c5f   Thumb Code     0  startup_stm32f10x_hd.o(.text)
    WWDG_IRQHandler                          0x08001c5f   Thumb Code     0  startup_stm32f10x_hd.o(.text)
    __user_initial_stackheap                 0x08001c61   Thumb Code     0  startup_stm32f10x_hd.o(.text)
    GPIO_DeInit                              0x08001c85   Thumb Code   172  stm32f10x_gpio.o(.text)
    GPIO_AFIODeInit                          0x08001d31   Thumb Code    20  stm32f10x_gpio.o(.text)
    GPIO_Init                                0x08001d45   Thumb Code   278  stm32f10x_gpio.o(.text)
    GPIO_StructInit                          0x08001e5b   Thumb Code    16  stm32f10x_gpio.o(.text)
    GPIO_ReadInputDataBit                    0x08001e6b   Thumb Code    18  stm32f10x_gpio.o(.text)
    GPIO_ReadInputData                       0x08001e7d   Thumb Code     8  stm32f10x_gpio.o(.text)
    GPIO_ReadOutputDataBit                   0x08001e85   Thumb Code    18  stm32f10x_gpio.o(.text)
    GPIO_ReadOutputData                      0x08001e97   Thumb Code     8  stm32f10x_gpio.o(.text)
    GPIO_SetBits                             0x08001e9f   Thumb Code     4  stm32f10x_gpio.o(.text)
    GPIO_ResetBits                           0x08001ea3   Thumb Code     4  stm32f10x_gpio.o(.text)
    GPIO_WriteBit                            0x08001ea7   Thumb Code    10  stm32f10x_gpio.o(.text)
    GPIO_Write                               0x08001eb1   Thumb Code     4  stm32f10x_gpio.o(.text)
    GPIO_PinLockConfig                       0x08001eb5   Thumb Code    18  stm32f10x_gpio.o(.text)
    GPIO_EventOutputConfig                   0x08001ec7   Thumb Code    26  stm32f10x_gpio.o(.text)
    GPIO_EventOutputCmd                      0x08001ee1   Thumb Code     6  stm32f10x_gpio.o(.text)
    GPIO_PinRemapConfig                      0x08001ee7   Thumb Code   138  stm32f10x_gpio.o(.text)
    GPIO_EXTILineConfig                      0x08001f71   Thumb Code    66  stm32f10x_gpio.o(.text)
    GPIO_ETH_MediaInterfaceConfig            0x08001fb3   Thumb Code     8  stm32f10x_gpio.o(.text)
    RCC_DeInit                               0x08001fe1   Thumb Code    64  stm32f10x_rcc.o(.text)
    RCC_HSEConfig                            0x08002021   Thumb Code    70  stm32f10x_rcc.o(.text)
    RCC_GetFlagStatus                        0x08002067   Thumb Code    56  stm32f10x_rcc.o(.text)
    RCC_WaitForHSEStartUp                    0x0800209f   Thumb Code    56  stm32f10x_rcc.o(.text)
    RCC_AdjustHSICalibrationValue            0x080020d7   Thumb Code    20  stm32f10x_rcc.o(.text)
    RCC_HSICmd                               0x080020eb   Thumb Code     6  stm32f10x_rcc.o(.text)
    RCC_PLLConfig                            0x080020f1   Thumb Code    24  stm32f10x_rcc.o(.text)
    RCC_PLLCmd                               0x08002109   Thumb Code     6  stm32f10x_rcc.o(.text)
    RCC_SYSCLKConfig                         0x0800210f   Thumb Code    18  stm32f10x_rcc.o(.text)
    RCC_GetSYSCLKSource                      0x08002121   Thumb Code    10  stm32f10x_rcc.o(.text)
    RCC_HCLKConfig                           0x0800212b   Thumb Code    18  stm32f10x_rcc.o(.text)
    RCC_PCLK1Config                          0x0800213d   Thumb Code    18  stm32f10x_rcc.o(.text)
    RCC_PCLK2Config                          0x0800214f   Thumb Code    20  stm32f10x_rcc.o(.text)
    RCC_ITConfig                             0x08002163   Thumb Code    26  stm32f10x_rcc.o(.text)
    RCC_USBCLKConfig                         0x0800217d   Thumb Code     8  stm32f10x_rcc.o(.text)
    RCC_ADCCLKConfig                         0x08002185   Thumb Code    18  stm32f10x_rcc.o(.text)
    RCC_LSEConfig                            0x08002197   Thumb Code    50  stm32f10x_rcc.o(.text)
    RCC_LSICmd                               0x080021c9   Thumb Code     6  stm32f10x_rcc.o(.text)
    RCC_RTCCLKConfig                         0x080021cf   Thumb Code    12  stm32f10x_rcc.o(.text)
    RCC_RTCCLKCmd                            0x080021db   Thumb Code     8  stm32f10x_rcc.o(.text)
    RCC_GetClocksFreq                        0x080021e3   Thumb Code   192  stm32f10x_rcc.o(.text)
    RCC_AHBPeriphClockCmd                    0x080022a3   Thumb Code    26  stm32f10x_rcc.o(.text)
    RCC_APB2PeriphClockCmd                   0x080022bd   Thumb Code    26  stm32f10x_rcc.o(.text)
    RCC_APB1PeriphClockCmd                   0x080022d7   Thumb Code    26  stm32f10x_rcc.o(.text)
    RCC_APB2PeriphResetCmd                   0x080022f1   Thumb Code    26  stm32f10x_rcc.o(.text)
    RCC_APB1PeriphResetCmd                   0x0800230b   Thumb Code    26  stm32f10x_rcc.o(.text)
    RCC_BackupResetCmd                       0x08002325   Thumb Code     8  stm32f10x_rcc.o(.text)
    RCC_ClockSecuritySystemCmd               0x0800232d   Thumb Code     6  stm32f10x_rcc.o(.text)
    RCC_MCOConfig                            0x08002333   Thumb Code     6  stm32f10x_rcc.o(.text)
    RCC_ClearFlag                            0x08002339   Thumb Code    14  stm32f10x_rcc.o(.text)
    RCC_GetITStatus                          0x08002347   Thumb Code    20  stm32f10x_rcc.o(.text)
    RCC_ClearITPendingBit                    0x0800235b   Thumb Code     6  stm32f10x_rcc.o(.text)
    ADC_DeInit                               0x08002385   Thumb Code    78  stm32f10x_adc.o(.text)
    ADC_Init                                 0x080023d3   Thumb Code    70  stm32f10x_adc.o(.text)
    ADC_StructInit                           0x08002419   Thumb Code    18  stm32f10x_adc.o(.text)
    ADC_Cmd                                  0x0800242b   Thumb Code    22  stm32f10x_adc.o(.text)
    ADC_DMACmd                               0x08002441   Thumb Code    22  stm32f10x_adc.o(.text)
    ADC_ITConfig                             0x08002457   Thumb Code    24  stm32f10x_adc.o(.text)
    ADC_ResetCalibration                     0x0800246f   Thumb Code    10  stm32f10x_adc.o(.text)
    ADC_GetResetCalibrationStatus            0x08002479   Thumb Code    20  stm32f10x_adc.o(.text)
    ADC_StartCalibration                     0x0800248d   Thumb Code    10  stm32f10x_adc.o(.text)
    ADC_GetCalibrationStatus                 0x08002497   Thumb Code    20  stm32f10x_adc.o(.text)
    ADC_SoftwareStartConvCmd                 0x080024ab   Thumb Code    22  stm32f10x_adc.o(.text)
    ADC_GetSoftwareStartConvStatus           0x080024c1   Thumb Code    20  stm32f10x_adc.o(.text)
    ADC_DiscModeChannelCountConfig           0x080024d5   Thumb Code    24  stm32f10x_adc.o(.text)
    ADC_DiscModeCmd                          0x080024ed   Thumb Code    22  stm32f10x_adc.o(.text)
    ADC_RegularChannelConfig                 0x08002503   Thumb Code   184  stm32f10x_adc.o(.text)
    ADC_ExternalTrigConvCmd                  0x080025bb   Thumb Code    22  stm32f10x_adc.o(.text)
    ADC_GetConversionValue                   0x080025d1   Thumb Code     8  stm32f10x_adc.o(.text)
    ADC_GetDualModeConversionValue           0x080025d9   Thumb Code     8  stm32f10x_adc.o(.text)
    ADC_AutoInjectedConvCmd                  0x080025e1   Thumb Code    22  stm32f10x_adc.o(.text)
    ADC_InjectedDiscModeCmd                  0x080025f7   Thumb Code    22  stm32f10x_adc.o(.text)
    ADC_ExternalTrigInjectedConvConfig       0x0800260d   Thumb Code    16  stm32f10x_adc.o(.text)
    ADC_ExternalTrigInjectedConvCmd          0x0800261d   Thumb Code    22  stm32f10x_adc.o(.text)
    ADC_SoftwareStartInjectedConvCmd         0x08002633   Thumb Code    22  stm32f10x_adc.o(.text)
    ADC_GetSoftwareStartInjectedConvCmdStatus 0x08002649   Thumb Code    20  stm32f10x_adc.o(.text)
    ADC_InjectedChannelConfig                0x0800265d   Thumb Code   130  stm32f10x_adc.o(.text)
    ADC_InjectedSequencerLengthConfig        0x080026df   Thumb Code    24  stm32f10x_adc.o(.text)
    ADC_SetInjectedOffset                    0x080026f7   Thumb Code    20  stm32f10x_adc.o(.text)
    ADC_GetInjectedConversionValue           0x0800270b   Thumb Code    28  stm32f10x_adc.o(.text)
    ADC_AnalogWatchdogCmd                    0x08002727   Thumb Code    16  stm32f10x_adc.o(.text)
    ADC_AnalogWatchdogThresholdsConfig       0x08002737   Thumb Code     6  stm32f10x_adc.o(.text)
    ADC_AnalogWatchdogSingleChannelConfig    0x0800273d   Thumb Code    16  stm32f10x_adc.o(.text)
    ADC_TempSensorVrefintCmd                 0x0800274d   Thumb Code    64  stm32f10x_adc.o(.text)
    ADC_GetFlagStatus                        0x0800278d   Thumb Code    18  stm32f10x_adc.o(.text)
    ADC_ClearFlag                            0x0800279f   Thumb Code     6  stm32f10x_adc.o(.text)
    ADC_GetITStatus                          0x080027a5   Thumb Code    36  stm32f10x_adc.o(.text)
    ADC_ClearITPendingBit                    0x080027c9   Thumb Code    10  stm32f10x_adc.o(.text)
    EXTI_DeInit                              0x080027d5   Thumb Code    28  stm32f10x_exti.o(.text)
    EXTI_Init                                0x080027f1   Thumb Code   142  stm32f10x_exti.o(.text)
    EXTI_StructInit                          0x0800287f   Thumb Code    16  stm32f10x_exti.o(.text)
    EXTI_GenerateSWInterrupt                 0x0800288f   Thumb Code    16  stm32f10x_exti.o(.text)
    EXTI_GetFlagStatus                       0x0800289f   Thumb Code    22  stm32f10x_exti.o(.text)
    EXTI_ClearFlag                           0x080028b5   Thumb Code     8  stm32f10x_exti.o(.text)
    EXTI_GetITStatus                         0x080028bd   Thumb Code    34  stm32f10x_exti.o(.text)
    EXTI_ClearITPendingBit                   0x080028df   Thumb Code     8  stm32f10x_exti.o(.text)
    NVIC_PriorityGroupConfig                 0x080028f1   Thumb Code    10  misc.o(.text)
    NVIC_Init                                0x080028fb   Thumb Code   100  misc.o(.text)
    NVIC_SetVectorTable                      0x0800295f   Thumb Code    14  misc.o(.text)
    NVIC_SystemLPConfig                      0x0800296d   Thumb Code    34  misc.o(.text)
    SysTick_CLKSourceConfig                  0x0800298f   Thumb Code    40  misc.o(.text)
    SPI_I2S_DeInit                           0x080029cd   Thumb Code    76  stm32f10x_spi.o(.text)
    SPI_Init                                 0x08002a19   Thumb Code    60  stm32f10x_spi.o(.text)
    I2S_Init                                 0x08002a55   Thumb Code   226  stm32f10x_spi.o(.text)
    SPI_StructInit                           0x08002b37   Thumb Code    24  stm32f10x_spi.o(.text)
    I2S_StructInit                           0x08002b4f   Thumb Code    20  stm32f10x_spi.o(.text)
    SPI_Cmd                                  0x08002b63   Thumb Code    24  stm32f10x_spi.o(.text)
    I2S_Cmd                                  0x08002b7b   Thumb Code    24  stm32f10x_spi.o(.text)
    SPI_I2S_ITConfig                         0x08002b93   Thumb Code    32  stm32f10x_spi.o(.text)
    SPI_I2S_DMACmd                           0x08002bb3   Thumb Code    18  stm32f10x_spi.o(.text)
    SPI_I2S_SendData                         0x08002bc5   Thumb Code     4  stm32f10x_spi.o(.text)
    SPI_I2S_ReceiveData                      0x08002bc9   Thumb Code     6  stm32f10x_spi.o(.text)
    SPI_NSSInternalSoftwareConfig            0x08002bcf   Thumb Code    30  stm32f10x_spi.o(.text)
    SPI_SSOutputCmd                          0x08002bed   Thumb Code    24  stm32f10x_spi.o(.text)
    SPI_DataSizeConfig                       0x08002c05   Thumb Code    18  stm32f10x_spi.o(.text)
    SPI_TransmitCRC                          0x08002c17   Thumb Code    10  stm32f10x_spi.o(.text)
    SPI_CalculateCRC                         0x08002c21   Thumb Code    24  stm32f10x_spi.o(.text)
    SPI_GetCRC                               0x08002c39   Thumb Code    16  stm32f10x_spi.o(.text)
    SPI_GetCRCPolynomial                     0x08002c49   Thumb Code     6  stm32f10x_spi.o(.text)
    SPI_BiDirectionalLineConfig              0x08002c4f   Thumb Code    28  stm32f10x_spi.o(.text)
    SPI_I2S_GetFlagStatus                    0x08002c6b   Thumb Code    18  stm32f10x_spi.o(.text)
    SPI_I2S_ClearFlag                        0x08002c7d   Thumb Code     6  stm32f10x_spi.o(.text)
    SPI_I2S_GetITStatus                      0x08002c83   Thumb Code    52  stm32f10x_spi.o(.text)
    SPI_I2S_ClearITPendingBit                0x08002cb7   Thumb Code    20  stm32f10x_spi.o(.text)
    TIM_DeInit                               0x08002cd9   Thumb Code   424  stm32f10x_tim.o(.text)
    TIM_TimeBaseInit                         0x08002e81   Thumb Code   122  stm32f10x_tim.o(.text)
    TIM_OC1Init                              0x08002efb   Thumb Code   132  stm32f10x_tim.o(.text)
    TIM_OC2Init                              0x08002f7f   Thumb Code   154  stm32f10x_tim.o(.text)
    TIM_OC3Init                              0x08003019   Thumb Code   150  stm32f10x_tim.o(.text)
    TIM_OC4Init                              0x080030af   Thumb Code   182  stm32f10x_tim.o(.text)
    TIM_SetIC4Prescaler                      0x08003165   Thumb Code    26  stm32f10x_tim.o(.text)
    TIM_SetIC3Prescaler                      0x08003201   Thumb Code    18  stm32f10x_tim.o(.text)
    TIM_SetIC2Prescaler                      0x0800328d   Thumb Code    26  stm32f10x_tim.o(.text)
    TIM_SetIC1Prescaler                      0x08003329   Thumb Code    18  stm32f10x_tim.o(.text)
    TIM_ICInit                               0x080033a7   Thumb Code   150  stm32f10x_tim.o(.text)
    TIM_PWMIConfig                           0x0800343d   Thumb Code   124  stm32f10x_tim.o(.text)
    TIM_BDTRConfig                           0x080034b9   Thumb Code    32  stm32f10x_tim.o(.text)
    TIM_TimeBaseStructInit                   0x080034d9   Thumb Code    18  stm32f10x_tim.o(.text)
    TIM_OCStructInit                         0x080034eb   Thumb Code    20  stm32f10x_tim.o(.text)
    TIM_ICStructInit                         0x080034ff   Thumb Code    18  stm32f10x_tim.o(.text)
    TIM_BDTRStructInit                       0x08003511   Thumb Code    40  stm32f10x_tim.o(.text)
    TIM_Cmd                                  0x08003539   Thumb Code    24  stm32f10x_tim.o(.text)
    TIM_CtrlPWMOutputs                       0x08003551   Thumb Code    30  stm32f10x_tim.o(.text)
    TIM_ITConfig                             0x0800356f   Thumb Code    18  stm32f10x_tim.o(.text)
    TIM_GenerateEvent                        0x08003581   Thumb Code     4  stm32f10x_tim.o(.text)
    TIM_DMAConfig                            0x08003585   Thumb Code    10  stm32f10x_tim.o(.text)
    TIM_DMACmd                               0x0800358f   Thumb Code    18  stm32f10x_tim.o(.text)
    TIM_InternalClockConfig                  0x080035a1   Thumb Code    12  stm32f10x_tim.o(.text)
    TIM_SelectInputTrigger                   0x080035ad   Thumb Code    18  stm32f10x_tim.o(.text)
    TIM_ITRxExternalClockConfig              0x080035bf   Thumb Code    24  stm32f10x_tim.o(.text)
    TIM_TIxExternalClockConfig               0x080035d7   Thumb Code    62  stm32f10x_tim.o(.text)
    TIM_ETRConfig                            0x08003615   Thumb Code    28  stm32f10x_tim.o(.text)
    TIM_ETRClockMode1Config                  0x08003631   Thumb Code    54  stm32f10x_tim.o(.text)
    TIM_ETRClockMode2Config                  0x08003667   Thumb Code    32  stm32f10x_tim.o(.text)
    TIM_PrescalerConfig                      0x08003687   Thumb Code     6  stm32f10x_tim.o(.text)
    TIM_CounterModeConfig                    0x0800368d   Thumb Code    18  stm32f10x_tim.o(.text)
    TIM_EncoderInterfaceConfig               0x0800369f   Thumb Code    66  stm32f10x_tim.o(.text)
    TIM_ForcedOC1Config                      0x080036e1   Thumb Code    18  stm32f10x_tim.o(.text)
    TIM_ForcedOC2Config                      0x080036f3   Thumb Code    26  stm32f10x_tim.o(.text)
    TIM_ForcedOC3Config                      0x0800370d   Thumb Code    18  stm32f10x_tim.o(.text)
    TIM_ForcedOC4Config                      0x0800371f   Thumb Code    26  stm32f10x_tim.o(.text)
    TIM_ARRPreloadConfig                     0x08003739   Thumb Code    24  stm32f10x_tim.o(.text)
    TIM_SelectCOM                            0x08003751   Thumb Code    24  stm32f10x_tim.o(.text)
    TIM_SelectCCDMA                          0x08003769   Thumb Code    24  stm32f10x_tim.o(.text)
    TIM_CCPreloadControl                     0x08003781   Thumb Code    24  stm32f10x_tim.o(.text)
    TIM_OC1PreloadConfig                     0x08003799   Thumb Code    18  stm32f10x_tim.o(.text)
    TIM_OC2PreloadConfig                     0x080037ab   Thumb Code    26  stm32f10x_tim.o(.text)
    TIM_OC3PreloadConfig                     0x080037c5   Thumb Code    18  stm32f10x_tim.o(.text)
    TIM_OC4PreloadConfig                     0x080037d7   Thumb Code    26  stm32f10x_tim.o(.text)
    TIM_OC1FastConfig                        0x080037f1   Thumb Code    18  stm32f10x_tim.o(.text)
    TIM_OC2FastConfig                        0x08003803   Thumb Code    26  stm32f10x_tim.o(.text)
    TIM_OC3FastConfig                        0x0800381d   Thumb Code    18  stm32f10x_tim.o(.text)
    TIM_OC4FastConfig                        0x0800382f   Thumb Code    26  stm32f10x_tim.o(.text)
    TIM_ClearOC1Ref                          0x08003849   Thumb Code    18  stm32f10x_tim.o(.text)
    TIM_ClearOC2Ref                          0x0800385b   Thumb Code    24  stm32f10x_tim.o(.text)
    TIM_ClearOC3Ref                          0x08003873   Thumb Code    18  stm32f10x_tim.o(.text)
    TIM_ClearOC4Ref                          0x08003885   Thumb Code    24  stm32f10x_tim.o(.text)
    TIM_OC1PolarityConfig                    0x0800389d   Thumb Code    18  stm32f10x_tim.o(.text)
    TIM_OC1NPolarityConfig                   0x080038af   Thumb Code    18  stm32f10x_tim.o(.text)
    TIM_OC2PolarityConfig                    0x080038c1   Thumb Code    26  stm32f10x_tim.o(.text)
    TIM_OC2NPolarityConfig                   0x080038db   Thumb Code    26  stm32f10x_tim.o(.text)
    TIM_OC3PolarityConfig                    0x080038f5   Thumb Code    26  stm32f10x_tim.o(.text)
    TIM_OC3NPolarityConfig                   0x0800390f   Thumb Code    26  stm32f10x_tim.o(.text)
    TIM_OC4PolarityConfig                    0x08003929   Thumb Code    26  stm32f10x_tim.o(.text)
    TIM_CCxCmd                               0x08003943   Thumb Code    30  stm32f10x_tim.o(.text)
    TIM_CCxNCmd                              0x08003961   Thumb Code    30  stm32f10x_tim.o(.text)
    TIM_SelectOCxM                           0x0800397f   Thumb Code    82  stm32f10x_tim.o(.text)
    TIM_UpdateDisableConfig                  0x080039d1   Thumb Code    24  stm32f10x_tim.o(.text)
    TIM_UpdateRequestConfig                  0x080039e9   Thumb Code    24  stm32f10x_tim.o(.text)
    TIM_SelectHallSensor                     0x08003a01   Thumb Code    24  stm32f10x_tim.o(.text)
    TIM_SelectOnePulseMode                   0x08003a19   Thumb Code    18  stm32f10x_tim.o(.text)
    TIM_SelectOutputTrigger                  0x08003a2b   Thumb Code    18  stm32f10x_tim.o(.text)
    TIM_SelectSlaveMode                      0x08003a3d   Thumb Code    18  stm32f10x_tim.o(.text)
    TIM_SelectMasterSlaveMode                0x08003a4f   Thumb Code    18  stm32f10x_tim.o(.text)
    TIM_SetCounter                           0x08003a61   Thumb Code     4  stm32f10x_tim.o(.text)
    TIM_SetAutoreload                        0x08003a65   Thumb Code     4  stm32f10x_tim.o(.text)
    TIM_SetCompare1                          0x08003a69   Thumb Code     4  stm32f10x_tim.o(.text)
    TIM_SetCompare2                          0x08003a6d   Thumb Code     4  stm32f10x_tim.o(.text)
    TIM_SetCompare3                          0x08003a71   Thumb Code     4  stm32f10x_tim.o(.text)
    TIM_SetCompare4                          0x08003a75   Thumb Code     6  stm32f10x_tim.o(.text)
    TIM_SetClockDivision                     0x08003a7b   Thumb Code    18  stm32f10x_tim.o(.text)
    TIM_GetCapture1                          0x08003a8d   Thumb Code     6  stm32f10x_tim.o(.text)
    TIM_GetCapture2                          0x08003a93   Thumb Code     6  stm32f10x_tim.o(.text)
    TIM_GetCapture3                          0x08003a99   Thumb Code     6  stm32f10x_tim.o(.text)
    TIM_GetCapture4                          0x08003a9f   Thumb Code     8  stm32f10x_tim.o(.text)
    TIM_GetCounter                           0x08003aa7   Thumb Code     6  stm32f10x_tim.o(.text)
    TIM_GetPrescaler                         0x08003aad   Thumb Code     6  stm32f10x_tim.o(.text)
    TIM_GetFlagStatus                        0x08003ab3   Thumb Code    18  stm32f10x_tim.o(.text)
    TIM_ClearFlag                            0x08003ac5   Thumb Code     6  stm32f10x_tim.o(.text)
    TIM_GetITStatus                          0x08003acb   Thumb Code    34  stm32f10x_tim.o(.text)
    TIM_ClearITPendingBit                    0x08003aed   Thumb Code     6  stm32f10x_tim.o(.text)
    delay_us                                 0x08003af3   Thumb Code    54  systick.o(.text)
    delay_ms                                 0x08003b29   Thumb Code    56  systick.o(.text)
    lcd_GPIO_init                            0x08003b61   Thumb Code    54  lcd12864.o(.text)
    SendByte                                 0x08003b97   Thumb Code    68  lcd12864.o(.text)
    Lcd_WriteCmd                             0x08003bdb   Thumb Code    46  lcd12864.o(.text)
    Lcd_WriteData                            0x08003c09   Thumb Code    28  lcd12864.o(.text)
    Lcd_Init                                 0x08003c25   Thumb Code    64  lcd12864.o(.text)
    LCD_Display_Words                        0x08003c65   Thumb Code   266  lcd12864.o(.text)
    LCD_Display_Picture                      0x08003d6f   Thumb Code   110  lcd12864.o(.text)
    LCD_Clear                                0x08003ddd   Thumb Code    16  lcd12864.o(.text)
    DC_Motor_init                            0x08003df5   Thumb Code    96  dcmotor.o(.text)
    adc_init                                 0x08003e61   Thumb Code   138  adc.o(.text)
    ReadADC                                  0x08003eeb   Thumb Code    38  adc.o(.text)
    exti_init                                0x08003f19   Thumb Code   352  exti.o(.text)
    AT24Cxx_ReadOneByte                      0x0800407d   Thumb Code    88  at24cxx.o(.text)
    AT24Cxx_ReadTwoByte                      0x080040d5   Thumb Code   100  at24cxx.o(.text)
    AT24Cxx_WriteOneByte                     0x08004139   Thumb Code    76  at24cxx.o(.text)
    AT24Cxx_WriteTwoByte                     0x08004185   Thumb Code    86  at24cxx.o(.text)
    I2C_INIT                                 0x080041dd   Thumb Code    60  iic.o(.text)
    I2C_SDA_OUT                              0x08004219   Thumb Code    32  iic.o(.text)
    I2C_SDA_IN                               0x08004239   Thumb Code    26  iic.o(.text)
    I2C_Start                                0x08004253   Thumb Code    60  iic.o(.text)
    I2C_Stop                                 0x0800428f   Thumb Code    60  iic.o(.text)
    I2C_Ack                                  0x080042cb   Thumb Code    60  iic.o(.text)
    I2C_NAck                                 0x08004307   Thumb Code    60  iic.o(.text)
    I2C_Wait_Ack                             0x08004343   Thumb Code    86  iic.o(.text)
    I2C_Send_Byte                            0x08004399   Thumb Code   100  iic.o(.text)
    I2C_Read_Byte                            0x080043fd   Thumb Code    92  iic.o(.text)
    SPI1_Init                                0x0800445d   Thumb Code   122  spi.o(.text)
    SPI1_ReadWriteByte                       0x080044d7   Thumb Code    76  spi.o(.text)
    SPI1_SetSpeed                            0x08004523   Thumb Code    36  spi.o(.text)
    NRF24L01_Init                            0x08004551   Thumb Code    94  nrf24l01.o(.text)
    NRF24L01_Read_Buf                        0x080045af   Thumb Code    66  nrf24l01.o(.text)
    NRF24L01_Write_Buf                       0x080045f1   Thumb Code    66  nrf24l01.o(.text)
    NRF24L01_Check                           0x08004633   Thumb Code    92  nrf24l01.o(.text)
    NRF24L01_Write_Reg                       0x0800468f   Thumb Code    44  nrf24l01.o(.text)
    NRF24L01_Read_Reg                        0x080046bb   Thumb Code    42  nrf24l01.o(.text)
    NRF24L01_TxPacket                        0x080046e5   Thumb Code   102  nrf24l01.o(.text)
    NRF24L01_RxPacket                        0x0800474b   Thumb Code    58  nrf24l01.o(.text)
    NRF24L01_RX_Mode                         0x08004785   Thumb Code    82  nrf24l01.o(.text)
    NRF24L01_TX_Mode                         0x080047d7   Thumb Code    92  nrf24l01.o(.text)
    pwm_init                                 0x0800484d   Thumb Code   142  pwm.o(.text)
    time_init                                0x080048e9   Thumb Code   108  time.o(.text)
    __aeabi_memclr4                          0x08004959   Thumb Code     0  rt_memclr_w.o(.text)
    __aeabi_memclr8                          0x08004959   Thumb Code     0  rt_memclr_w.o(.text)
    __rt_memclr_w                            0x08004959   Thumb Code    78  rt_memclr_w.o(.text)
    _memset_w                                0x0800495d   Thumb Code     0  rt_memclr_w.o(.text)
    __use_two_region_memory                  0x080049a7   Thumb Code     2  heapauxi.o(.text)
    __rt_heap_escrow$2region                 0x080049a9   Thumb Code     2  heapauxi.o(.text)
    __rt_heap_expand$2region                 0x080049ab   Thumb Code     2  heapauxi.o(.text)
    __user_setup_stackheap                   0x080049ad   Thumb Code    74  sys_stackheap_outer.o(.text)
    exit                                     0x080049f7   Thumb Code    18  exit.o(.text)
    __user_libspace                          0x08004a09   Thumb Code     8  libspace.o(.text)
    __user_perproc_libspace                  0x08004a09   Thumb Code     0  libspace.o(.text)
    __user_perthread_libspace                0x08004a09   Thumb Code     0  libspace.o(.text)
    _sys_exit                                0x08004a11   Thumb Code     8  sys_exit.o(.text)
    __I$use$semihosting                      0x08004a1d   Thumb Code     0  use_no_semi.o(.text)
    __use_no_semihosting_swi                 0x08004a1d   Thumb Code     2  use_no_semi.o(.text)
    __semihosting_library_function           0x08004a1f   Thumb Code     0  indicate_semi.o(.text)
    __aeabi_d2f                              0x08004a21   Thumb Code     0  d2f.o(x$fpl$d2f)
    _d2f                                     0x08004a21   Thumb Code    98  d2f.o(x$fpl$d2f)
    __aeabi_dadd                             0x08004a85   Thumb Code     0  daddsub_clz.o(x$fpl$dadd)
    _dadd                                    0x08004a85   Thumb Code   332  daddsub_clz.o(x$fpl$dadd)
    __aeabi_ui2d                             0x08004bd5   Thumb Code     0  dflt_clz.o(x$fpl$dfltu)
    _dfltu                                   0x08004bd5   Thumb Code    38  dflt_clz.o(x$fpl$dfltu)
    __aeabi_dmul                             0x08004bfd   Thumb Code     0  dmul.o(x$fpl$dmul)
    _dmul                                    0x08004bfd   Thumb Code   332  dmul.o(x$fpl$dmul)
    __fpl_dnaninf                            0x08004d51   Thumb Code   156  dnaninf.o(x$fpl$dnaninf)
    __fpl_dretinf                            0x08004ded   Thumb Code    12  dretinf.o(x$fpl$dretinf)
    __aeabi_dsub                             0x08004df9   Thumb Code     0  daddsub_clz.o(x$fpl$dsub)
    _dsub                                    0x08004df9   Thumb Code   464  daddsub_clz.o(x$fpl$dsub)
    __aeabi_f2uiz                            0x08004fcd   Thumb Code     0  ffixu.o(x$fpl$ffixu)
    _ffixu                                   0x08004fcd   Thumb Code    62  ffixu.o(x$fpl$ffixu)
    __fpl_fnaninf                            0x0800500b   Thumb Code   140  fnaninf.o(x$fpl$fnaninf)
    __fpl_fretinf                            0x08005097   Thumb Code    10  fretinf.o(x$fpl$fretinf)
    __I$use$fp                               0x080050a0   Number         0  usenofp.o(x$fpl$usenofp)
    TX_ADDRESS                               0x080050b5   Data           5  nrf24l01.o(.constdata)
    RX_ADDRESS                               0x080050ba   Data           5  nrf24l01.o(.constdata)
    Region$$Table$$Base                      0x080050c0   Number         0  anon$$obj.o(Region$$Table)
    Region$$Table$$Limit                     0x080050e0   Number         0  anon$$obj.o(Region$$Table)
    Image                                    0x20000000   Data        1024  main.o(.data)
    l_auto                                   0x20000400   Data           4  main.o(.data)
    r_auto                                   0x20000404   Data           4  main.o(.data)
    save                                     0x20000408   Data           4  main.o(.data)
    time1s                                   0x2000040c   Data           4  main.o(.data)
    Arr                                      0x20000410   Data         362  main.o(.data)
    ArrDuct                                  0x2000057a   Data         282  main.o(.data)
    ArrPower                                 0x20000694   Data          22  main.o(.data)
    SystemCoreClock                          0x200006b8   Data           4  system_stm32f10x.o(.data)
    AHBPrescTable                            0x200006bc   Data          16  system_stm32f10x.o(.data)
    LCD_addr                                 0x200006e0   Data          32  lcd12864.o(.data)
    rx_buf                                   0x20000700   Data           9  main.o(.bss)
    tx_buf                                   0x20000709   Data           9  main.o(.bss)
    tx_data                                  0x20000712   Data           9  main.o(.bss)
    rx_data                                  0x2000071b   Data           9  main.o(.bss)
    save_buf_lo                              0x20000724   Data           9  main.o(.bss)
    save_buf_hi                              0x2000072d   Data           9  main.o(.bss)
    __libspace_start                         0x20000738   Data          96  libspace.o(.bss)
    __temporary_stack_top$libspace           0x20000798   Data           0  libspace.o(.bss)



==============================================================================

Memory Map of the image

  Image Entry point : 0x08001c45

  Load Region LR_1 (Base: 0x08000000, Size: 0x000057e0, Max: 0xffffffff, ABSOLUTE, COMPRESSED[0x00005460])

    Execution Region ER_RO (Exec base: 0x08000000, Load base: 0x08000000, Size: 0x000050e0, Max: 0xffffffff, ABSOLUTE)

    Exec Addr    Load Addr    Size         Type   Attr      Idx    E Section Name        Object

    0x08000000   0x08000000   0x00000130   Data   RO          212    RESET               startup_stm32f10x_hd.o
    0x08000130   0x08000130   0x00000008   Code   RO          495  * !!!main             c_w.l(__main.o)
    0x08000138   0x08000138   0x00000034   Code   RO          683    !!!scatter          c_w.l(__scatter.o)
    0x0800016c   0x0800016c   0x0000005a   Code   RO          681    !!dczerorl2         c_w.l(__dczerorl2.o)
    0x080001c6   0x080001c6   0x00000002   PAD
    0x080001c8   0x080001c8   0x0000001c   Code   RO          685    !!handler_zi        c_w.l(__scatter_zi.o)
    0x080001e4   0x080001e4   0x00000002   Code   RO          551    .ARM.Collect$$libinit$$00000000  c_w.l(libinit.o)
    0x080001e6   0x080001e6   0x00000000   Code   RO          558    .ARM.Collect$$libinit$$00000002  c_w.l(libinit2.o)
    0x080001e6   0x080001e6   0x00000000   Code   RO          560    .ARM.Collect$$libinit$$00000004  c_w.l(libinit2.o)
    0x080001e6   0x080001e6   0x00000000   Code   RO          563    .ARM.Collect$$libinit$$0000000A  c_w.l(libinit2.o)
    0x080001e6   0x080001e6   0x00000000   Code   RO          565    .ARM.Collect$$libinit$$0000000C  c_w.l(libinit2.o)
    0x080001e6   0x080001e6   0x00000000   Code   RO          567    .ARM.Collect$$libinit$$0000000E  c_w.l(libinit2.o)
    0x080001e6   0x080001e6   0x00000000   Code   RO          570    .ARM.Collect$$libinit$$00000011  c_w.l(libinit2.o)
    0x080001e6   0x080001e6   0x00000000   Code   RO          572    .ARM.Collect$$libinit$$00000013  c_w.l(libinit2.o)
    0x080001e6   0x080001e6   0x00000000   Code   RO          574    .ARM.Collect$$libinit$$00000015  c_w.l(libinit2.o)
    0x080001e6   0x080001e6   0x00000000   Code   RO          576    .ARM.Collect$$libinit$$00000017  c_w.l(libinit2.o)
    0x080001e6   0x080001e6   0x00000000   Code   RO          578    .ARM.Collect$$libinit$$00000019  c_w.l(libinit2.o)
    0x080001e6   0x080001e6   0x00000000   Code   RO          580    .ARM.Collect$$libinit$$0000001B  c_w.l(libinit2.o)
    0x080001e6   0x080001e6   0x00000000   Code   RO          582    .ARM.Collect$$libinit$$0000001D  c_w.l(libinit2.o)
    0x080001e6   0x080001e6   0x00000000   Code   RO          584    .ARM.Collect$$libinit$$0000001F  c_w.l(libinit2.o)
    0x080001e6   0x080001e6   0x00000000   Code   RO          586    .ARM.Collect$$libinit$$00000021  c_w.l(libinit2.o)
    0x080001e6   0x080001e6   0x00000000   Code   RO          588    .ARM.Collect$$libinit$$00000023  c_w.l(libinit2.o)
    0x080001e6   0x080001e6   0x00000000   Code   RO          590    .ARM.Collect$$libinit$$00000025  c_w.l(libinit2.o)
    0x080001e6   0x080001e6   0x00000000   Code   RO          594    .ARM.Collect$$libinit$$0000002C  c_w.l(libinit2.o)
    0x080001e6   0x080001e6   0x00000000   Code   RO          596    .ARM.Collect$$libinit$$0000002E  c_w.l(libinit2.o)
    0x080001e6   0x080001e6   0x00000000   Code   RO          598    .ARM.Collect$$libinit$$00000030  c_w.l(libinit2.o)
    0x080001e6   0x080001e6   0x00000000   Code   RO          600    .ARM.Collect$$libinit$$00000032  c_w.l(libinit2.o)
    0x080001e6   0x080001e6   0x00000002   Code   RO          601    .ARM.Collect$$libinit$$00000033  c_w.l(libinit2.o)
    0x080001e8   0x080001e8   0x00000002   Code   RO          621    .ARM.Collect$$libshutdown$$00000000  c_w.l(libshutdown.o)
    0x080001ea   0x080001ea   0x00000000   Code   RO          634    .ARM.Collect$$libshutdown$$00000002  c_w.l(libshutdown2.o)
    0x080001ea   0x080001ea   0x00000000   Code   RO          636    .ARM.Collect$$libshutdown$$00000004  c_w.l(libshutdown2.o)
    0x080001ea   0x080001ea   0x00000000   Code   RO          639    .ARM.Collect$$libshutdown$$00000007  c_w.l(libshutdown2.o)
    0x080001ea   0x080001ea   0x00000000   Code   RO          642    .ARM.Collect$$libshutdown$$0000000A  c_w.l(libshutdown2.o)
    0x080001ea   0x080001ea   0x00000000   Code   RO          644    .ARM.Collect$$libshutdown$$0000000C  c_w.l(libshutdown2.o)
    0x080001ea   0x080001ea   0x00000000   Code   RO          647    .ARM.Collect$$libshutdown$$0000000F  c_w.l(libshutdown2.o)
    0x080001ea   0x080001ea   0x00000002   Code   RO          648    .ARM.Collect$$libshutdown$$00000010  c_w.l(libshutdown2.o)
    0x080001ec   0x080001ec   0x00000000   Code   RO          517    .ARM.Collect$$rtentry$$00000000  c_w.l(__rtentry.o)
    0x080001ec   0x080001ec   0x00000000   Code   RO          528    .ARM.Collect$$rtentry$$00000002  c_w.l(__rtentry2.o)
    0x080001ec   0x080001ec   0x00000006   Code   RO          540    .ARM.Collect$$rtentry$$00000004  c_w.l(__rtentry4.o)
    0x080001f2   0x080001f2   0x00000000   Code   RO          530    .ARM.Collect$$rtentry$$00000009  c_w.l(__rtentry2.o)
    0x080001f2   0x080001f2   0x00000004   Code   RO          531    .ARM.Collect$$rtentry$$0000000A  c_w.l(__rtentry2.o)
    0x080001f6   0x080001f6   0x00000000   Code   RO          533    .ARM.Collect$$rtentry$$0000000C  c_w.l(__rtentry2.o)
    0x080001f6   0x080001f6   0x00000008   Code   RO          534    .ARM.Collect$$rtentry$$0000000D  c_w.l(__rtentry2.o)
    0x080001fe   0x080001fe   0x00000002   Code   RO          555    .ARM.Collect$$rtexit$$00000000  c_w.l(rtexit.o)
    0x08000200   0x08000200   0x00000000   Code   RO          603    .ARM.Collect$$rtexit$$00000002  c_w.l(rtexit2.o)
    0x08000200   0x08000200   0x00000004   Code   RO          604    .ARM.Collect$$rtexit$$00000003  c_w.l(rtexit2.o)
    0x08000204   0x08000204   0x00000006   Code   RO          605    .ARM.Collect$$rtexit$$00000004  c_w.l(rtexit2.o)
    0x0800020a   0x0800020a   0x00000002   PAD
    0x0800020c   0x0800020c   0x000014ec   Code   RO            1    .text               main.o
    0x080016f8   0x080016f8   0x0000036c   Code   RO          148    .text               stm32f10x_it.o
    0x08001a64   0x08001a64   0x000001e0   Code   RO          173    .text               system_stm32f10x.o
    0x08001c44   0x08001c44   0x00000040   Code   RO          213  * .text               startup_stm32f10x_hd.o
    0x08001c84   0x08001c84   0x0000035c   Code   RO          217    .text               stm32f10x_gpio.o
    0x08001fe0   0x08001fe0   0x000003a4   Code   RO          229    .text               stm32f10x_rcc.o
    0x08002384   0x08002384   0x0000044e   Code   RO          243    .text               stm32f10x_adc.o
    0x080027d2   0x080027d2   0x00000002   PAD
    0x080027d4   0x080027d4   0x0000011c   Code   RO          255    .text               stm32f10x_exti.o
    0x080028f0   0x080028f0   0x000000dc   Code   RO          267    .text               misc.o
    0x080029cc   0x080029cc   0x0000030c   Code   RO          279    .text               stm32f10x_spi.o
    0x08002cd8   0x08002cd8   0x00000e1a   Code   RO          291    .text               stm32f10x_tim.o
    0x08003af2   0x08003af2   0x0000006e   Code   RO          303    .text               systick.o
    0x08003b60   0x08003b60   0x00000294   Code   RO          318    .text               lcd12864.o
    0x08003df4   0x08003df4   0x0000006c   Code   RO          351    .text               dcmotor.o
    0x08003e60   0x08003e60   0x000000b8   Code   RO          366    .text               adc.o
    0x08003f18   0x08003f18   0x00000164   Code   RO          381    .text               exti.o
    0x0800407c   0x0800407c   0x0000015e   Code   RO          396    .text               at24cxx.o
    0x080041da   0x080041da   0x00000002   PAD
    0x080041dc   0x080041dc   0x00000280   Code   RO          411    .text               iic.o
    0x0800445c   0x0800445c   0x000000f4   Code   RO          426    .text               spi.o
    0x08004550   0x08004550   0x000002fc   Code   RO          441    .text               nrf24l01.o
    0x0800484c   0x0800484c   0x0000009c   Code   RO          459    .text               pwm.o
    0x080048e8   0x080048e8   0x00000070   Code   RO          474    .text               time.o
    0x08004958   0x08004958   0x0000004e   Code   RO          491    .text               c_w.l(rt_memclr_w.o)
    0x080049a6   0x080049a6   0x00000006   Code   RO          493    .text               c_w.l(heapauxi.o)
    0x080049ac   0x080049ac   0x0000004a   Code   RO          542    .text               c_w.l(sys_stackheap_outer.o)
    0x080049f6   0x080049f6   0x00000012   Code   RO          544    .text               c_w.l(exit.o)
    0x08004a08   0x08004a08   0x00000008   Code   RO          552    .text               c_w.l(libspace.o)
    0x08004a10   0x08004a10   0x0000000c   Code   RO          613    .text               c_w.l(sys_exit.o)
    0x08004a1c   0x08004a1c   0x00000002   Code   RO          624    .text               c_w.l(use_no_semi.o)
    0x08004a1e   0x08004a1e   0x00000000   Code   RO          626    .text               c_w.l(indicate_semi.o)
    0x08004a1e   0x08004a1e   0x00000002   PAD
    0x08004a20   0x08004a20   0x00000062   Code   RO          497    x$fpl$d2f           fz_ws.l(d2f.o)
    0x08004a82   0x08004a82   0x00000002   PAD
    0x08004a84   0x08004a84   0x00000150   Code   RO          499    x$fpl$dadd          fz_ws.l(daddsub_clz.o)
    0x08004bd4   0x08004bd4   0x00000026   Code   RO          505    x$fpl$dfltu         fz_ws.l(dflt_clz.o)
    0x08004bfa   0x08004bfa   0x00000002   PAD
    0x08004bfc   0x08004bfc   0x00000154   Code   RO          511    x$fpl$dmul          fz_ws.l(dmul.o)
    0x08004d50   0x08004d50   0x0000009c   Code   RO          518    x$fpl$dnaninf       fz_ws.l(dnaninf.o)
    0x08004dec   0x08004dec   0x0000000c   Code   RO          520    x$fpl$dretinf       fz_ws.l(dretinf.o)
    0x08004df8   0x08004df8   0x000001d4   Code   RO          501    x$fpl$dsub          fz_ws.l(daddsub_clz.o)
    0x08004fcc   0x08004fcc   0x0000003e   Code   RO          513    x$fpl$ffixu         fz_ws.l(ffixu.o)
    0x0800500a   0x0800500a   0x0000008c   Code   RO          522    x$fpl$fnaninf       fz_ws.l(fnaninf.o)
    0x08005096   0x08005096   0x0000000a   Code   RO          524    x$fpl$fretinf       fz_ws.l(fretinf.o)
    0x080050a0   0x080050a0   0x00000000   Code   RO          526    x$fpl$usenofp       fz_ws.l(usenofp.o)
    0x080050a0   0x080050a0   0x00000015   Data   RO            3    .constdata          main.o
    0x080050b5   0x080050b5   0x0000000a   Data   RO          442    .constdata          nrf24l01.o
    0x080050bf   0x080050bf   0x00000001   PAD
    0x080050c0   0x080050c0   0x00000020   Data   RO          679    Region$$Table       anon$$obj.o


    Execution Region ER_RW (Exec base: 0x20000000, Load base: 0x080050e0, Size: 0x00000700, Max: 0xffffffff, ABSOLUTE, COMPRESSED[0x00000380])

    Exec Addr    Load Addr    Size         Type   Attr      Idx    E Section Name        Object

    0x20000000   COMPRESSED   0x000006aa   Data   RW            4    .data               main.o
    0x200006aa   COMPRESSED   0x00000002   PAD
    0x200006ac   COMPRESSED   0x0000000c   Data   RW          149    .data               stm32f10x_it.o
    0x200006b8   COMPRESSED   0x00000014   Data   RW          174    .data               system_stm32f10x.o
    0x200006cc   COMPRESSED   0x00000014   Data   RW          230    .data               stm32f10x_rcc.o
    0x200006e0   COMPRESSED   0x00000020   Data   RW          319    .data               lcd12864.o


    Execution Region ER_ZI (Exec base: 0x20000700, Load base: 0x08005460, Size: 0x00000698, Max: 0xffffffff, ABSOLUTE)

    Exec Addr    Load Addr    Size         Type   Attr      Idx    E Section Name        Object

    0x20000700        -       0x00000036   Zero   RW            2    .bss                main.o
    0x20000736   0x08005460   0x00000002   PAD
    0x20000738        -       0x00000060   Zero   RW          553    .bss                c_w.l(libspace.o)
    0x20000798        -       0x00000200   Zero   RW          211    HEAP                startup_stm32f10x_hd.o
    0x20000998        -       0x00000400   Zero   RW          210    STACK               startup_stm32f10x_hd.o


==============================================================================

Image component sizes


      Code (inc. data)   RO Data    RW Data    ZI Data      Debug   Object Name

       184          8          0          0          0        755   adc.o
       350          0          0          0          0       1440   at24cxx.o
         0          0          0          0          0         32   core_cm3.o
       108         12          0          0          0        512   dcmotor.o
       356          4          0          0          0        720   exti.o
       640          4          0          0          0       2131   iic.o
       660          8          0         32          0       2844   lcd12864.o
      5356        506         21       1706         54     272477   main.o
       220         22          0          0          0       1877   misc.o
       764         26         10          0          0       3607   nrf24l01.o
       156         14          0          0          0        611   pwm.o
       244         10          0          0          0       1077   spi.o
        64         26        304          0       1536        892   startup_stm32f10x_hd.o
      1102         26          0          0          0      11121   stm32f10x_adc.o
       284         10          0          0          0       2339   stm32f10x_exti.o
       860         38          0          0          0       5809   stm32f10x_gpio.o
       876         40          0         12          0       2162   stm32f10x_it.o
       932         36          0         20          0       9000   stm32f10x_rcc.o
       780         14          0          0          0       6694   stm32f10x_spi.o
      3610         88          0          0          0      22924   stm32f10x_tim.o
       480         38          0         20          0       1999   system_stm32f10x.o
       110          0          0          0          0        680   systick.o
       112          4          0          0          0        540   time.o

    ----------------------------------------------------------------------
     18252        934        368       1792       1592     352243   Object Totals
         0          0         32          0          0          0   (incl. Generated)
         4          0          1          2          2          0   (incl. Padding)

    ----------------------------------------------------------------------

      Code (inc. data)   RO Data    RW Data    ZI Data      Debug   Library Member Name

        90          0          0          0          0          0   __dczerorl2.o
         8          0          0          0          0         68   __main.o
         0          0          0          0          0          0   __rtentry.o
        12          0          0          0          0          0   __rtentry2.o
         6          0          0          0          0          0   __rtentry4.o
        52          8          0          0          0          0   __scatter.o
        28          0          0          0          0          0   __scatter_zi.o
        18          0          0          0          0         80   exit.o
         6          0          0          0          0        152   heapauxi.o
         0          0          0          0          0          0   indicate_semi.o
         2          0          0          0          0          0   libinit.o
         2          0          0          0          0          0   libinit2.o
         2          0          0          0          0          0   libshutdown.o
         2          0          0          0          0          0   libshutdown2.o
         8          4          0          0         96         68   libspace.o
        78          0          0          0          0         80   rt_memclr_w.o
         2          0          0          0          0          0   rtexit.o
        10          0          0          0          0          0   rtexit2.o
        12          4          0          0          0         68   sys_exit.o
        74          0          0          0          0         80   sys_stackheap_outer.o
         2          0          0          0          0         68   use_no_semi.o
        98          4          0          0          0         92   d2f.o
       804         16          0          0          0        272   daddsub_clz.o
        38          0          0          0          0         68   dflt_clz.o
       340         12          0          0          0        104   dmul.o
       156          4          0          0          0         92   dnaninf.o
        12          0          0          0          0         68   dretinf.o
        62          4          0          0          0         84   ffixu.o
       140          4          0          0          0         84   fnaninf.o
        10          0          0          0          0         68   fretinf.o
         0          0          0          0          0          0   usenofp.o

    ----------------------------------------------------------------------
      2084         60          0          0         96       1596   Library Totals
        10          0          0          0          0          0   (incl. Padding)

    ----------------------------------------------------------------------

      Code (inc. data)   RO Data    RW Data    ZI Data      Debug   Library Name

       414         16          0          0         96        664   c_w.l
      1660         44          0          0          0        932   fz_ws.l

    ----------------------------------------------------------------------
      2084         60          0          0         96       1596   Library Totals

    ----------------------------------------------------------------------

==============================================================================


      Code (inc. data)   RO Data    RW Data    ZI Data      Debug   

     20336        994        368       1792       1688     351391   Grand Totals
     20336        994        368        896       1688     351391   ELF Image Totals (compressed)
     20336        994        368        896          0          0   ROM Totals

==============================================================================

    Total RO  Size (Code + RO Data)                20704 (  20.22kB)
    Total RW  Size (RW Data + ZI Data)              3480 (   3.40kB)
    Total ROM Size (Code + RO Data + RW Data)      21600 (  21.09kB)

==============================================================================

